[Mon Apr 20 18:19:15 2026] PHP 8.5.4 Development Server (http://localhost:8080) started
[Mon Apr 20 18:19:26 2026] [::1]:62724 Accepted
[Mon Apr 20 18:19:26 2026] [::1]:62725 Accepted
[Mon Apr 20 18:19:26 2026] [::1]:62724 [302]: GET /
[Mon Apr 20 18:19:26 2026] [::1]:62724 Closing
[Mon Apr 20 18:19:26 2026] [::1]:62725 [200]: GET /login.php
[Mon Apr 20 18:19:26 2026] [::1]:62725 Closing
[Mon Apr 20 18:19:26 2026] [::1]:62727 Accepted
[Mon Apr 20 18:19:26 2026] [::1]:62727 [200]: GET /assets/css/style.css
[Mon Apr 20 18:19:26 2026] [::1]:62727 Closing
[Mon Apr 20 18:19:26 2026] [::1]:62728 Accepted
[Mon Apr 20 18:19:26 2026] [::1]:62728 [302]: GET /favicon.ico
[Mon Apr 20 18:19:26 2026] [::1]:62728 Closing
[Mon Apr 20 18:19:26 2026] [::1]:62729 Accepted
[Mon Apr 20 18:19:26 2026] [::1]:62729 [200]: GET /login.php
[Mon Apr 20 18:19:26 2026] [::1]:62729 Closing
[Mon Apr 20 18:19:34 2026] [::1]:62733 Accepted
[Mon Apr 20 18:19:34 2026] [::1]:62733 [200]: POST /login.php
[Mon Apr 20 18:19:34 2026] [::1]:62733 Closing
[Mon Apr 20 18:19:34 2026] [::1]:62734 Accepted
[Mon Apr 20 18:19:34 2026] [::1]:62734 [200]: GET /assets/css/style.css
[Mon Apr 20 18:19:34 2026] [::1]:62734 Closing
[Mon Apr 20 18:19:34 2026] [::1]:62736 Accepted
[Mon Apr 20 18:19:34 2026] [::1]:62736 [302]: GET /favicon.ico
[Mon Apr 20 18:19:34 2026] [::1]:62736 Closing
[Mon Apr 20 18:19:34 2026] [::1]:62737 Accepted
[Mon Apr 20 18:19:34 2026] [::1]:62737 [200]: GET /login.php
[Mon Apr 20 18:19:34 2026] [::1]:62737 Closing
[Mon Apr 20 18:19:47 2026] [::1]:62742 Accepted
[Mon Apr 20 18:19:47 2026] [::1]:62742 [302]: GET /login.php
[Mon Apr 20 18:19:47 2026] [::1]:62742 Closing
[Mon Apr 20 18:19:47 2026] [::1]:62743 Accepted
[Mon Apr 20 18:19:47 2026] PHP Warning:  Undefined array key "frequency_type" in /Volumes/T7 Loki SS/WORK Hiếu/quan-ly-phong-kham/modules/dashboard/overview_stats.php on line 453
[Mon Apr 20 18:19:47 2026] PHP Warning:  Undefined array key "frequency_type" in /Volumes/T7 Loki SS/WORK Hiếu/quan-ly-phong-kham/modules/dashboard/overview_stats.php on line 453
[Mon Apr 20 18:19:47 2026] PHP Warning:  Undefined array key "frequency_type" in /Volumes/T7 Loki SS/WORK Hiếu/quan-ly-phong-kham/modules/dashboard/overview_stats.php on line 453
[Mon Apr 20 18:19:47 2026] PHP Warning:  Undefined array key "frequency_type" in /Volumes/T7 Loki SS/WORK Hiếu/quan-ly-phong-kham/modules/dashboard/overview_stats.php on line 453
[Mon Apr 20 18:19:47 2026] [::1]:62743 [200]: GET /index.php
[Mon Apr 20 18:19:47 2026] [::1]:62743 Closing
[Mon Apr 20 18:19:47 2026] [::1]:62746 Accepted
[Mon Apr 20 18:19:47 2026] [::1]:62747 Accepted
[Mon Apr 20 18:19:47 2026] [::1]:62746 [200]: GET /assets/css/style.css
[Mon Apr 20 18:19:47 2026] [::1]:62748 Accepted
[Mon Apr 20 18:19:47 2026] [::1]:62747 [200]: GET /assets/js/confirm-modal.js
[Mon Apr 20 18:19:47 2026] [::1]:62748 [200]: GET /assets/js/main.js
[Mon Apr 20 18:19:47 2026] [::1]:62746 Closing
[Mon Apr 20 18:19:47 2026] [::1]:62747 Closing
[Mon Apr 20 18:19:47 2026] [::1]:62748 Closing
[Mon Apr 20 18:19:47 2026] [::1]:62749 Accepted
[Mon Apr 20 18:19:47 2026] [::1]:62749 [200]: GET /api/staff_tasks.php?count_only=1
[Mon Apr 20 18:19:47 2026] [::1]:62749 Closing
[Mon Apr 20 18:19:47 2026] [::1]:62751 Accepted
[Mon Apr 20 18:19:47 2026] PHP Warning:  Undefined array key "frequency_type" in /Volumes/T7 Loki SS/WORK Hiếu/quan-ly-phong-kham/modules/dashboard/overview_stats.php on line 453
[Mon Apr 20 18:19:47 2026] PHP Warning:  Undefined array key "frequency_type" in /Volumes/T7 Loki SS/WORK Hiếu/quan-ly-phong-kham/modules/dashboard/overview_stats.php on line 453
[Mon Apr 20 18:19:47 2026] PHP Warning:  Undefined array key "frequency_type" in /Volumes/T7 Loki SS/WORK Hiếu/quan-ly-phong-kham/modules/dashboard/overview_stats.php on line 453
[Mon Apr 20 18:19:47 2026] PHP Warning:  Undefined array key "frequency_type" in /Volumes/T7 Loki SS/WORK Hiếu/quan-ly-phong-kham/modules/dashboard/overview_stats.php on line 453
[Mon Apr 20 18:19:47 2026] [::1]:62751 [200]: GET /favicon.ico
[Mon Apr 20 18:19:47 2026] [::1]:62751 Closing
[Mon Apr 20 18:20:03 2026] [::1]:62758 Accepted
[Mon Apr 20 18:20:03 2026] [::1]:62758 [200]: GET /modules/appointments/index.php
[Mon Apr 20 18:20:03 2026] [::1]:62758 Closing
[Mon Apr 20 18:20:03 2026] [::1]:62759 Accepted
[Mon Apr 20 18:20:03 2026] [::1]:62761 Accepted
[Mon Apr 20 18:20:03 2026] [::1]:62759 [200]: GET /assets/css/style.css
[Mon Apr 20 18:20:03 2026] [::1]:62761 [200]: GET /assets/js/confirm-modal.js
[Mon Apr 20 18:20:03 2026] [::1]:62759 Closing
[Mon Apr 20 18:20:03 2026] [::1]:62761 Closing
[Mon Apr 20 18:20:03 2026] [::1]:62762 Accepted
[Mon Apr 20 18:20:03 2026] [::1]:62762 [200]: GET /assets/js/main.js
[Mon Apr 20 18:20:03 2026] [::1]:62762 Closing
[Mon Apr 20 18:20:03 2026] [::1]:62763 Accepted
[Mon Apr 20 18:20:03 2026] [::1]:62763 [200]: GET /api/staff_tasks.php?count_only=1
[Mon Apr 20 18:20:03 2026] [::1]:62763 Closing
[Mon Apr 20 18:20:03 2026] [::1]:62765 Accepted
[Mon Apr 20 18:20:03 2026] PHP Warning:  Undefined array key "frequency_type" in /Volumes/T7 Loki SS/WORK Hiếu/quan-ly-phong-kham/modules/dashboard/overview_stats.php on line 453
[Mon Apr 20 18:20:03 2026] PHP Warning:  Undefined array key "frequency_type" in /Volumes/T7 Loki SS/WORK Hiếu/quan-ly-phong-kham/modules/dashboard/overview_stats.php on line 453
[Mon Apr 20 18:20:03 2026] PHP Warning:  Undefined array key "frequency_type" in /Volumes/T7 Loki SS/WORK Hiếu/quan-ly-phong-kham/modules/dashboard/overview_stats.php on line 453
[Mon Apr 20 18:20:03 2026] PHP Warning:  Undefined array key "frequency_type" in /Volumes/T7 Loki SS/WORK Hiếu/quan-ly-phong-kham/modules/dashboard/overview_stats.php on line 453
[Mon Apr 20 18:20:03 2026] [::1]:62765 [200]: GET /favicon.ico
[Mon Apr 20 18:20:03 2026] [::1]:62765 Closing
[Mon Apr 20 18:20:05 2026] [::1]:62767 Accepted
[Mon Apr 20 18:20:05 2026] [::1]:62767 [200]: GET /modules/appointments/add.php
[Mon Apr 20 18:20:05 2026] [::1]:62767 Closing
[Mon Apr 20 18:20:05 2026] [::1]:62768 Accepted
[Mon Apr 20 18:20:05 2026] [::1]:62770 Accepted
[Mon Apr 20 18:20:05 2026] [::1]:62768 [200]: GET /assets/css/style.css
[Mon Apr 20 18:20:05 2026] [::1]:62770 [200]: GET /assets/js/confirm-modal.js
[Mon Apr 20 18:20:05 2026] [::1]:62768 Closing
[Mon Apr 20 18:20:05 2026] [::1]:62770 Closing
[Mon Apr 20 18:20:05 2026] [::1]:62771 Accepted
[Mon Apr 20 18:20:05 2026] [::1]:62771 [200]: GET /assets/js/main.js
[Mon Apr 20 18:20:05 2026] [::1]:62771 Closing
[Mon Apr 20 18:20:05 2026] [::1]:62772 Accepted
[Mon Apr 20 18:20:05 2026] [::1]:62773 Accepted
[Mon Apr 20 18:20:05 2026] [::1]:62772 [200]: GET /modules/appointments/check_availability.php?date=2026-04-20&time=&doctor_id=
[Mon Apr 20 18:20:05 2026] [::1]:62772 Closing
[Mon Apr 20 18:20:05 2026] [::1]:62775 Accepted
[Mon Apr 20 18:20:05 2026] [::1]:62773 [200]: GET /api/staff_tasks.php?count_only=1
[Mon Apr 20 18:20:05 2026] [::1]:62773 Closing
[Mon Apr 20 18:20:05 2026] PHP Warning:  Undefined array key "frequency_type" in /Volumes/T7 Loki SS/WORK Hiếu/quan-ly-phong-kham/modules/dashboard/overview_stats.php on line 453
[Mon Apr 20 18:20:05 2026] PHP Warning:  Undefined array key "frequency_type" in /Volumes/T7 Loki SS/WORK Hiếu/quan-ly-phong-kham/modules/dashboard/overview_stats.php on line 453
[Mon Apr 20 18:20:05 2026] PHP Warning:  Undefined array key "frequency_type" in /Volumes/T7 Loki SS/WORK Hiếu/quan-ly-phong-kham/modules/dashboard/overview_stats.php on line 453
[Mon Apr 20 18:20:05 2026] PHP Warning:  Undefined array key "frequency_type" in /Volumes/T7 Loki SS/WORK Hiếu/quan-ly-phong-kham/modules/dashboard/overview_stats.php on line 453
[Mon Apr 20 18:20:05 2026] [::1]:62775 [200]: GET /favicon.ico
[Mon Apr 20 18:20:05 2026] [::1]:62775 Closing
[Mon Apr 20 18:20:08 2026] [::1]:62779 Accepted
[Mon Apr 20 18:20:08 2026] [::1]:62779 [200]: GET /modules/appointments/index.php
[Mon Apr 20 18:20:08 2026] [::1]:62779 Closing
[Mon Apr 20 18:20:08 2026] [::1]:62780 Accepted
[Mon Apr 20 18:20:08 2026] [::1]:62782 Accepted
[Mon Apr 20 18:20:08 2026] [::1]:62780 [200]: GET /assets/css/style.css
[Mon Apr 20 18:20:08 2026] [::1]:62783 Accepted
[Mon Apr 20 18:20:08 2026] [::1]:62782 [200]: GET /assets/js/confirm-modal.js
[Mon Apr 20 18:20:08 2026] [::1]:62783 [200]: GET /assets/js/main.js
[Mon Apr 20 18:20:08 2026] [::1]:62780 Closing
[Mon Apr 20 18:20:08 2026] [::1]:62782 Closing
[Mon Apr 20 18:20:08 2026] [::1]:62783 Closing
[Mon Apr 20 18:20:08 2026] [::1]:62784 Accepted
[Mon Apr 20 18:20:08 2026] [::1]:62784 [200]: GET /api/staff_tasks.php?count_only=1
[Mon Apr 20 18:20:08 2026] [::1]:62784 Closing
[Mon Apr 20 18:20:08 2026] [::1]:62786 Accepted
[Mon Apr 20 18:20:08 2026] PHP Warning:  Undefined array key "frequency_type" in /Volumes/T7 Loki SS/WORK Hiếu/quan-ly-phong-kham/modules/dashboard/overview_stats.php on line 453
[Mon Apr 20 18:20:08 2026] PHP Warning:  Undefined array key "frequency_type" in /Volumes/T7 Loki SS/WORK Hiếu/quan-ly-phong-kham/modules/dashboard/overview_stats.php on line 453
[Mon Apr 20 18:20:08 2026] PHP Warning:  Undefined array key "frequency_type" in /Volumes/T7 Loki SS/WORK Hiếu/quan-ly-phong-kham/modules/dashboard/overview_stats.php on line 453
[Mon Apr 20 18:20:08 2026] PHP Warning:  Undefined array key "frequency_type" in /Volumes/T7 Loki SS/WORK Hiếu/quan-ly-phong-kham/modules/dashboard/overview_stats.php on line 453
[Mon Apr 20 18:20:08 2026] [::1]:62786 [200]: GET /favicon.ico
[Mon Apr 20 18:20:08 2026] [::1]:62786 Closing
[Mon Apr 20 18:21:40 2026] [::1]:62825 Accepted
[Mon Apr 20 18:21:40 2026] [::1]:62826 Accepted
[Mon Apr 20 18:21:40 2026] [::1]:62825 [302]: GET /modules/sales/manage_shared.php?id=1
[Mon Apr 20 18:21:40 2026] [::1]:62825 Closing
[Mon Apr 20 18:21:40 2026] [::1]:62826 [200]: GET /login.php
[Mon Apr 20 18:21:40 2026] [::1]:62826 Closing
[Mon Apr 20 18:21:40 2026] [::1]:62827 Accepted
[Mon Apr 20 18:21:40 2026] [::1]:62827 [200]: GET /assets/css/style.css
[Mon Apr 20 18:21:40 2026] [::1]:62827 Closing
[Mon Apr 20 18:21:40 2026] [::1]:62828 Accepted
[Mon Apr 20 18:21:40 2026] [::1]:62828 [302]: GET /favicon.ico
[Mon Apr 20 18:21:40 2026] [::1]:62828 Closing
[Mon Apr 20 18:21:40 2026] [::1]:62829 Accepted
[Mon Apr 20 18:21:40 2026] [::1]:62829 [200]: GET /login.php
[Mon Apr 20 18:21:40 2026] [::1]:62829 Closing
[Mon Apr 20 18:21:47 2026] [::1]:62832 Accepted
[Mon Apr 20 18:21:47 2026] [::1]:62833 Accepted
[Mon Apr 20 18:21:47 2026] [::1]:62832 [302]: GET /modules/sales/manage_shared.php?id=1
[Mon Apr 20 18:21:47 2026] [::1]:62832 Closing
[Mon Apr 20 18:21:47 2026] [::1]:62833 [200]: GET /login.php
[Mon Apr 20 18:21:47 2026] [::1]:62833 Closing
[Mon Apr 20 18:21:47 2026] [::1]:62834 Accepted
[Mon Apr 20 18:21:47 2026] [::1]:62834 [200]: GET /assets/css/style.css
[Mon Apr 20 18:21:47 2026] [::1]:62834 Closing
[Mon Apr 20 18:21:47 2026] [::1]:62835 Accepted
[Mon Apr 20 18:21:47 2026] [::1]:62835 [302]: GET /favicon.ico
[Mon Apr 20 18:21:47 2026] [::1]:62835 Closing
[Mon Apr 20 18:21:47 2026] [::1]:62836 Accepted
[Mon Apr 20 18:21:47 2026] [::1]:62836 [200]: GET /login.php
[Mon Apr 20 18:21:47 2026] [::1]:62836 Closing
[Mon Apr 20 18:21:58 2026] [::1]:62841 Accepted
[Mon Apr 20 18:21:58 2026] [::1]:62842 Accepted
[Mon Apr 20 18:21:58 2026] PHP Fatal error:  Uncaught PDOException: SQLSTATE[42S22]: Column not found: 1054 Unknown column 'pul.technician_id' in 'on clause' in /Volumes/T7 Loki SS/WORK Hiếu/quan-ly-phong-kham/modules/sales/manage_shared.php:141
Stack trace:
#0 /Volumes/T7 Loki SS/WORK Hiếu/quan-ly-phong-kham/modules/sales/manage_shared.php(141): PDO->prepare('\n    SELECT pul...')
#1 {main}
  thrown in /Volumes/T7 Loki SS/WORK Hiếu/quan-ly-phong-kham/modules/sales/manage_shared.php on line 141
[Mon Apr 20 18:21:58 2026] [::1]:62841 [200]: GET /modules/sales/manage_shared.php?id=1 - Uncaught PDOException: SQLSTATE[42S22]: Column not found: 1054 Unknown column 'pul.technician_id' in 'on clause' in /Volumes/T7 Loki SS/WORK Hiếu/quan-ly-phong-kham/modules/sales/manage_shared.php:141
Stack trace:
#0 /Volumes/T7 Loki SS/WORK Hiếu/quan-ly-phong-kham/modules/sales/manage_shared.php(141): PDO->prepare('\n    SELECT pul...')
#1 {main}
  thrown in /Volumes/T7 Loki SS/WORK Hiếu/quan-ly-phong-kham/modules/sales/manage_shared.php on line 141
[Mon Apr 20 18:21:58 2026] [::1]:62841 Closing
[Mon Apr 20 18:21:58 2026] PHP Warning:  Undefined array key "frequency_type" in /Volumes/T7 Loki SS/WORK Hiếu/quan-ly-phong-kham/modules/dashboard/overview_stats.php on line 453
[Mon Apr 20 18:21:58 2026] PHP Warning:  Undefined array key "frequency_type" in /Volumes/T7 Loki SS/WORK Hiếu/quan-ly-phong-kham/modules/dashboard/overview_stats.php on line 453
[Mon Apr 20 18:21:58 2026] PHP Warning:  Undefined array key "frequency_type" in /Volumes/T7 Loki SS/WORK Hiếu/quan-ly-phong-kham/modules/dashboard/overview_stats.php on line 453
[Mon Apr 20 18:21:58 2026] PHP Warning:  Undefined array key "frequency_type" in /Volumes/T7 Loki SS/WORK Hiếu/quan-ly-phong-kham/modules/dashboard/overview_stats.php on line 453
[Mon Apr 20 18:21:58 2026] [::1]:62842 [200]: GET /favicon.ico
[Mon Apr 20 18:21:58 2026] [::1]:62842 Closing
[Mon Apr 20 18:22:08 2026] [::1]:62848 Accepted
[Mon Apr 20 18:22:08 2026] [::1]:62848 [200]: GET /modules/appointments/index.php
[Mon Apr 20 18:22:08 2026] [::1]:62848 Closing
[Mon Apr 20 18:22:08 2026] [::1]:62849 Accepted
[Mon Apr 20 18:22:08 2026] [::1]:62851 Accepted
[Mon Apr 20 18:22:08 2026] [::1]:62849 [200]: GET /assets/css/style.css
[Mon Apr 20 18:22:08 2026] [::1]:62852 Accepted
[Mon Apr 20 18:22:08 2026] [::1]:62851 [200]: GET /assets/js/confirm-modal.js
[Mon Apr 20 18:22:08 2026] [::1]:62849 Closing
[Mon Apr 20 18:22:08 2026] [::1]:62851 Closing
[Mon Apr 20 18:22:08 2026] [::1]:62852 [200]: GET /assets/js/main.js
[Mon Apr 20 18:22:08 2026] [::1]:62852 Closing
[Mon Apr 20 18:22:08 2026] [::1]:62853 Accepted
[Mon Apr 20 18:22:08 2026] [::1]:62853 [200]: GET /api/staff_tasks.php?count_only=1
[Mon Apr 20 18:22:08 2026] [::1]:62853 Closing
[Mon Apr 20 18:22:08 2026] [::1]:62854 Accepted
[Mon Apr 20 18:22:08 2026] PHP Warning:  Undefined array key "frequency_type" in /Volumes/T7 Loki SS/WORK Hiếu/quan-ly-phong-kham/modules/dashboard/overview_stats.php on line 453
[Mon Apr 20 18:22:08 2026] PHP Warning:  Undefined array key "frequency_type" in /Volumes/T7 Loki SS/WORK Hiếu/quan-ly-phong-kham/modules/dashboard/overview_stats.php on line 453
[Mon Apr 20 18:22:08 2026] PHP Warning:  Undefined array key "frequency_type" in /Volumes/T7 Loki SS/WORK Hiếu/quan-ly-phong-kham/modules/dashboard/overview_stats.php on line 453
[Mon Apr 20 18:22:08 2026] PHP Warning:  Undefined array key "frequency_type" in /Volumes/T7 Loki SS/WORK Hiếu/quan-ly-phong-kham/modules/dashboard/overview_stats.php on line 453
[Mon Apr 20 18:22:08 2026] [::1]:62854 [200]: GET /favicon.ico
[Mon Apr 20 18:22:08 2026] [::1]:62854 Closing
[Mon Apr 20 18:22:13 2026] [::1]:62858 Accepted
[Mon Apr 20 18:22:13 2026] [::1]:62858 [200]: GET /modules/appointments/index.php
[Mon Apr 20 18:22:13 2026] [::1]:62858 Closing
[Mon Apr 20 18:22:13 2026] [::1]:62859 Accepted
[Mon Apr 20 18:22:13 2026] [::1]:62859 [200]: GET /assets/css/style.css
[Mon Apr 20 18:22:13 2026] [::1]:62859 Closing
[Mon Apr 20 18:22:13 2026] [::1]:62861 Accepted
[Mon Apr 20 18:22:13 2026] [::1]:62861 [200]: GET /assets/js/confirm-modal.js
[Mon Apr 20 18:22:13 2026] [::1]:62861 Closing
[Mon Apr 20 18:22:13 2026] [::1]:62862 Accepted
[Mon Apr 20 18:22:13 2026] [::1]:62862 [200]: GET /assets/js/main.js
[Mon Apr 20 18:22:13 2026] [::1]:62862 Closing
[Mon Apr 20 18:22:13 2026] [::1]:62863 Accepted
[Mon Apr 20 18:22:13 2026] [::1]:62863 [200]: GET /api/staff_tasks.php?count_only=1
[Mon Apr 20 18:22:13 2026] [::1]:62863 Closing
[Mon Apr 20 18:22:13 2026] [::1]:62865 Accepted
[Mon Apr 20 18:22:13 2026] PHP Warning:  Undefined array key "frequency_type" in /Volumes/T7 Loki SS/WORK Hiếu/quan-ly-phong-kham/modules/dashboard/overview_stats.php on line 453
[Mon Apr 20 18:22:13 2026] PHP Warning:  Undefined array key "frequency_type" in /Volumes/T7 Loki SS/WORK Hiếu/quan-ly-phong-kham/modules/dashboard/overview_stats.php on line 453
[Mon Apr 20 18:22:13 2026] PHP Warning:  Undefined array key "frequency_type" in /Volumes/T7 Loki SS/WORK Hiếu/quan-ly-phong-kham/modules/dashboard/overview_stats.php on line 453
[Mon Apr 20 18:22:13 2026] PHP Warning:  Undefined array key "frequency_type" in /Volumes/T7 Loki SS/WORK Hiếu/quan-ly-phong-kham/modules/dashboard/overview_stats.php on line 453
[Mon Apr 20 18:22:13 2026] [::1]:62865 [200]: GET /favicon.ico
[Mon Apr 20 18:22:13 2026] [::1]:62865 Closing
[Mon Apr 20 18:22:15 2026] [::1]:62868 Accepted
[Mon Apr 20 18:22:15 2026] [::1]:62868 [200]: GET /modules/appointments/add.php
[Mon Apr 20 18:22:15 2026] [::1]:62868 Closing
[Mon Apr 20 18:22:15 2026] [::1]:62869 Accepted
[Mon Apr 20 18:22:15 2026] [::1]:62871 Accepted
[Mon Apr 20 18:22:15 2026] [::1]:62869 [200]: GET /assets/css/style.css
[Mon Apr 20 18:22:15 2026] [::1]:62871 [200]: GET /assets/js/confirm-modal.js
[Mon Apr 20 18:22:15 2026] [::1]:62872 Accepted
[Mon Apr 20 18:22:15 2026] [::1]:62869 Closing
[Mon Apr 20 18:22:15 2026] [::1]:62871 Closing
[Mon Apr 20 18:22:15 2026] [::1]:62872 [200]: GET /assets/js/main.js
[Mon Apr 20 18:22:15 2026] [::1]:62872 Closing
[Mon Apr 20 18:22:15 2026] [::1]:62873 Accepted
[Mon Apr 20 18:22:15 2026] [::1]:62874 Accepted
[Mon Apr 20 18:22:15 2026] [::1]:62873 [200]: GET /modules/appointments/check_availability.php?date=2026-04-20&time=&doctor_id=
[Mon Apr 20 18:22:15 2026] [::1]:62873 Closing
[Mon Apr 20 18:22:15 2026] [::1]:62874 [200]: GET /api/staff_tasks.php?count_only=1
[Mon Apr 20 18:22:15 2026] [::1]:62874 Closing
[Mon Apr 20 18:22:15 2026] [::1]:62877 Accepted
[Mon Apr 20 18:22:15 2026] PHP Warning:  Undefined array key "frequency_type" in /Volumes/T7 Loki SS/WORK Hiếu/quan-ly-phong-kham/modules/dashboard/overview_stats.php on line 453
[Mon Apr 20 18:22:15 2026] PHP Warning:  Undefined array key "frequency_type" in /Volumes/T7 Loki SS/WORK Hiếu/quan-ly-phong-kham/modules/dashboard/overview_stats.php on line 453
[Mon Apr 20 18:22:15 2026] PHP Warning:  Undefined array key "frequency_type" in /Volumes/T7 Loki SS/WORK Hiếu/quan-ly-phong-kham/modules/dashboard/overview_stats.php on line 453
[Mon Apr 20 18:22:15 2026] PHP Warning:  Undefined array key "frequency_type" in /Volumes/T7 Loki SS/WORK Hiếu/quan-ly-phong-kham/modules/dashboard/overview_stats.php on line 453
[Mon Apr 20 18:22:15 2026] [::1]:62877 [200]: GET /favicon.ico
[Mon Apr 20 18:22:15 2026] [::1]:62877 Closing
[Mon Apr 20 18:22:19 2026] [::1]:62880 Accepted
[Mon Apr 20 18:22:19 2026] [::1]:62880 [200]: GET /modules/appointments/check_availability.php?date=2026-04-20&time=20:24&doctor_id=
[Mon Apr 20 18:22:19 2026] [::1]:62880 Closing
[Mon Apr 20 18:22:21 2026] [::1]:62882 Accepted
[Mon Apr 20 18:22:21 2026] [::1]:62882 [200]: GET /modules/appointments/check_availability.php?date=2026-04-20&time=20:24&doctor_id=1
[Mon Apr 20 18:22:21 2026] [::1]:62882 Closing
[Mon Apr 20 18:22:23 2026] [::1]:62885 Accepted
[Mon Apr 20 18:22:23 2026] [::1]:62885 [302]: POST /modules/appointments/add.php
[Mon Apr 20 18:22:23 2026] [::1]:62885 Closing
[Mon Apr 20 18:22:23 2026] [::1]:62886 Accepted
[Mon Apr 20 18:22:23 2026] [::1]:62886 [200]: GET /modules/appointments/index.php
[Mon Apr 20 18:22:23 2026] [::1]:62886 Closing
[Mon Apr 20 18:22:23 2026] [::1]:62890 Accepted
[Mon Apr 20 18:22:23 2026] [::1]:62891 Accepted
[Mon Apr 20 18:22:23 2026] [::1]:62890 [200]: GET /assets/css/style.css
[Mon Apr 20 18:22:23 2026] [::1]:62892 Accepted
[Mon Apr 20 18:22:23 2026] [::1]:62891 [200]: GET /assets/js/confirm-modal.js
[Mon Apr 20 18:22:23 2026] [::1]:62892 [200]: GET /assets/js/main.js
[Mon Apr 20 18:22:23 2026] [::1]:62890 Closing
[Mon Apr 20 18:22:23 2026] [::1]:62891 Closing
[Mon Apr 20 18:22:23 2026] [::1]:62892 Closing
[Mon Apr 20 18:22:23 2026] [::1]:62893 Accepted
[Mon Apr 20 18:22:23 2026] [::1]:62893 [200]: GET /api/staff_tasks.php?count_only=1
[Mon Apr 20 18:22:23 2026] [::1]:62893 Closing
[Mon Apr 20 18:22:23 2026] [::1]:62895 Accepted
[Mon Apr 20 18:22:23 2026] PHP Warning:  Undefined array key "frequency_type" in /Volumes/T7 Loki SS/WORK Hiếu/quan-ly-phong-kham/modules/dashboard/overview_stats.php on line 453
[Mon Apr 20 18:22:23 2026] PHP Warning:  Undefined array key "frequency_type" in /Volumes/T7 Loki SS/WORK Hiếu/quan-ly-phong-kham/modules/dashboard/overview_stats.php on line 453
[Mon Apr 20 18:22:23 2026] PHP Warning:  Undefined array key "frequency_type" in /Volumes/T7 Loki SS/WORK Hiếu/quan-ly-phong-kham/modules/dashboard/overview_stats.php on line 453
[Mon Apr 20 18:22:23 2026] PHP Warning:  Undefined array key "frequency_type" in /Volumes/T7 Loki SS/WORK Hiếu/quan-ly-phong-kham/modules/dashboard/overview_stats.php on line 453
[Mon Apr 20 18:22:23 2026] [::1]:62895 [200]: GET /favicon.ico
[Mon Apr 20 18:22:23 2026] [::1]:62895 Closing
[Mon Apr 20 18:22:24 2026] [::1]:62897 Accepted
[Mon Apr 20 18:22:24 2026] [::1]:62897 [200]: GET /modules/billing/get_catalog_api.php?patient_id=30
[Mon Apr 20 18:22:24 2026] [::1]:62897 Closing
[Mon Apr 20 18:22:50 2026] [::1]:62910 Accepted
[Mon Apr 20 18:22:50 2026] [::1]:62910 [200]: POST /modules/billing/create_invoice_api.php
[Mon Apr 20 18:22:50 2026] [::1]:62910 Closing
[Mon Apr 20 18:22:51 2026] [::1]:62912 Accepted
[Mon Apr 20 18:22:51 2026] [::1]:62912 [200]: POST /modules/billing/create_invoice_api.php
[Mon Apr 20 18:22:51 2026] [::1]:62912 Closing
[Mon Apr 20 18:22:51 2026] [::1]:62914 Accepted
[Mon Apr 20 18:22:51 2026] [::1]:62914 [200]: POST /modules/billing/create_invoice_api.php
[Mon Apr 20 18:22:51 2026] [::1]:62914 Closing
[Mon Apr 20 18:22:53 2026] [::1]:62916 Accepted
[Mon Apr 20 18:22:53 2026] [::1]:62916 [200]: POST /modules/billing/create_invoice_api.php
[Mon Apr 20 18:22:53 2026] [::1]:62916 Closing
[Mon Apr 20 18:23:53 2026] [::1]:62947 Accepted
[Mon Apr 20 18:23:53 2026] [::1]:62947 [200]: POST /modules/billing/create_invoice_api.php
[Mon Apr 20 18:23:53 2026] [::1]:62947 Closing
[Mon Apr 20 18:27:48 2026] [::1]:63239 Accepted
[Mon Apr 20 18:27:48 2026] CREATE INVOICE ERROR: SQLSTATE[42S22]: Column not found: 1054 Unknown column 'transfer_personal_amount' in 'field list'
[Mon Apr 20 18:27:48 2026] [::1]:63239 [200]: POST /modules/billing/create_invoice_api.php
[Mon Apr 20 18:27:48 2026] [::1]:63239 Closing
[Mon Apr 20 18:34:15 2026] [::1]:63313 Accepted
[Mon Apr 20 18:34:15 2026] [::1]:63313 [200]: POST /modules/billing/create_invoice_api.php
[Mon Apr 20 18:34:15 2026] [::1]:63313 Closing
[Mon Apr 20 18:34:15 2026] [::1]:63315 Accepted
[Mon Apr 20 18:34:15 2026] [::1]:63315 [200]: GET /modules/billing/get_invoice_api.php?id=62
[Mon Apr 20 18:34:15 2026] [::1]:63315 Closing
[Mon Apr 20 18:34:21 2026] [::1]:63317 Accepted
[Mon Apr 20 18:34:21 2026] [::1]:63317 [200]: GET /modules/billing/get_catalog_api.php?patient_id=30
[Mon Apr 20 18:34:21 2026] [::1]:63317 Closing
[Mon Apr 20 18:34:28 2026] [::1]:63321 Accepted
[Mon Apr 20 18:34:28 2026] [::1]:63321 [200]: GET /modules/billing/get_catalog_api.php?patient_id=30
[Mon Apr 20 18:34:28 2026] [::1]:63321 Closing
[Mon Apr 20 18:34:36 2026] [::1]:63324 Accepted
[Mon Apr 20 18:34:36 2026] [::1]:63324 [200]: POST /modules/billing/create_invoice_api.php
[Mon Apr 20 18:34:36 2026] [::1]:63324 Closing
[Mon Apr 20 18:34:36 2026] [::1]:63326 Accepted
[Mon Apr 20 18:34:36 2026] [::1]:63326 [200]: GET /modules/billing/get_invoice_api.php?id=63
[Mon Apr 20 18:34:36 2026] [::1]:63326 Closing
[Mon Apr 20 18:34:46 2026] [::1]:63328 Accepted
[Mon Apr 20 18:34:46 2026] [::1]:63328 [200]: GET /modules/sales/index.php
[Mon Apr 20 18:34:46 2026] [::1]:63328 Closing
[Mon Apr 20 18:34:46 2026] [::1]:63329 Accepted
[Mon Apr 20 18:34:46 2026] [::1]:63331 Accepted
[Mon Apr 20 18:34:46 2026] [::1]:63329 [200]: GET /assets/css/style.css
[Mon Apr 20 18:34:46 2026] [::1]:63331 [200]: GET /assets/js/confirm-modal.js
[Mon Apr 20 18:34:46 2026] [::1]:63332 Accepted
[Mon Apr 20 18:34:46 2026] [::1]:63329 Closing
[Mon Apr 20 18:34:46 2026] [::1]:63332 [200]: GET /assets/js/main.js
[Mon Apr 20 18:34:46 2026] [::1]:63331 Closing
[Mon Apr 20 18:34:46 2026] [::1]:63332 Closing
[Mon Apr 20 18:34:46 2026] [::1]:63333 Accepted
[Mon Apr 20 18:34:46 2026] [::1]:63333 [200]: GET /api/staff_tasks.php?count_only=1
[Mon Apr 20 18:34:46 2026] [::1]:63333 Closing
[Mon Apr 20 18:34:46 2026] [::1]:63334 Accepted
[Mon Apr 20 18:34:46 2026] PHP Warning:  Undefined array key "frequency_type" in /Volumes/T7 Loki SS/WORK Hiếu/quan-ly-phong-kham/modules/dashboard/overview_stats.php on line 453
[Mon Apr 20 18:34:46 2026] PHP Warning:  Undefined array key "frequency_type" in /Volumes/T7 Loki SS/WORK Hiếu/quan-ly-phong-kham/modules/dashboard/overview_stats.php on line 453
[Mon Apr 20 18:34:46 2026] PHP Warning:  Undefined array key "frequency_type" in /Volumes/T7 Loki SS/WORK Hiếu/quan-ly-phong-kham/modules/dashboard/overview_stats.php on line 453
[Mon Apr 20 18:34:46 2026] PHP Warning:  Undefined array key "frequency_type" in /Volumes/T7 Loki SS/WORK Hiếu/quan-ly-phong-kham/modules/dashboard/overview_stats.php on line 453
[Mon Apr 20 18:34:46 2026] [::1]:63334 [200]: GET /favicon.ico
[Mon Apr 20 18:34:46 2026] [::1]:63334 Closing
[Mon Apr 20 18:34:50 2026] [::1]:63337 Accepted
[Mon Apr 20 18:34:50 2026] [::1]:63337 [200]: GET /modules/sales/manage_shared.php?id=15
[Mon Apr 20 18:34:50 2026] [::1]:63337 Closing
[Mon Apr 20 18:34:50 2026] [::1]:63338 Accepted
[Mon Apr 20 18:34:50 2026] [::1]:63340 Accepted
[Mon Apr 20 18:34:50 2026] [::1]:63338 [200]: GET /assets/css/style.css
[Mon Apr 20 18:34:50 2026] [::1]:63338 Closing
[Mon Apr 20 18:34:50 2026] [::1]:63341 Accepted
[Mon Apr 20 18:34:50 2026] [::1]:63340 [200]: GET /assets/js/confirm-modal.js
[Mon Apr 20 18:34:50 2026] [::1]:63340 Closing
[Mon Apr 20 18:34:50 2026] [::1]:63341 [200]: GET /assets/js/main.js
[Mon Apr 20 18:34:50 2026] [::1]:63341 Closing
[Mon Apr 20 18:34:50 2026] [::1]:63342 Accepted
[Mon Apr 20 18:34:50 2026] [::1]:63342 [200]: GET /api/staff_tasks.php?count_only=1
[Mon Apr 20 18:34:50 2026] [::1]:63342 Closing
[Mon Apr 20 18:34:50 2026] [::1]:63343 Accepted
[Mon Apr 20 18:34:50 2026] PHP Warning:  Undefined array key "frequency_type" in /Volumes/T7 Loki SS/WORK Hiếu/quan-ly-phong-kham/modules/dashboard/overview_stats.php on line 453
[Mon Apr 20 18:34:50 2026] PHP Warning:  Undefined array key "frequency_type" in /Volumes/T7 Loki SS/WORK Hiếu/quan-ly-phong-kham/modules/dashboard/overview_stats.php on line 453
[Mon Apr 20 18:34:50 2026] PHP Warning:  Undefined array key "frequency_type" in /Volumes/T7 Loki SS/WORK Hiếu/quan-ly-phong-kham/modules/dashboard/overview_stats.php on line 453
[Mon Apr 20 18:34:50 2026] PHP Warning:  Undefined array key "frequency_type" in /Volumes/T7 Loki SS/WORK Hiếu/quan-ly-phong-kham/modules/dashboard/overview_stats.php on line 453
[Mon Apr 20 18:34:50 2026] [::1]:63343 [200]: GET /favicon.ico
[Mon Apr 20 18:34:50 2026] [::1]:63343 Closing
[Mon Apr 20 18:34:53 2026] [::1]:63346 Accepted
[Mon Apr 20 18:34:53 2026] [::1]:63347 Accepted
[Mon Apr 20 18:34:53 2026] [::1]:63346 [200]: GET /modules/sales/manage_shared.php?id=15
[Mon Apr 20 18:34:53 2026] [::1]:63346 Closing
[Mon Apr 20 18:34:53 2026] [::1]:63347 [200]: GET /assets/css/style.css
[Mon Apr 20 18:34:53 2026] [::1]:63347 Closing
[Mon Apr 20 18:34:53 2026] [::1]:63349 Accepted
[Mon Apr 20 18:34:53 2026] [::1]:63350 Accepted
[Mon Apr 20 18:34:53 2026] [::1]:63349 [200]: GET /assets/js/confirm-modal.js
[Mon Apr 20 18:34:53 2026] [::1]:63350 [200]: GET /assets/js/main.js
[Mon Apr 20 18:34:53 2026] [::1]:63349 Closing
[Mon Apr 20 18:34:53 2026] [::1]:63350 Closing
[Mon Apr 20 18:34:57 2026] [::1]:63351 Accepted
[Mon Apr 20 18:34:57 2026] [::1]:63351 [200]: GET /modules/sales/index.php
[Mon Apr 20 18:34:57 2026] [::1]:63351 Closing
[Mon Apr 20 18:34:57 2026] [::1]:63352 Accepted
[Mon Apr 20 18:34:58 2026] [::1]:63352 [200]: GET /api/staff_tasks.php?count_only=1
[Mon Apr 20 18:34:58 2026] [::1]:63352 Closing
[Mon Apr 20 18:34:58 2026] [::1]:63355 Accepted
[Mon Apr 20 18:34:58 2026] [::1]:63355 [200]: GET /api/staff_tasks.php?count_only=1
[Mon Apr 20 18:34:58 2026] [::1]:63355 Closing
[Mon Apr 20 18:34:58 2026] [::1]:63357 Accepted
[Mon Apr 20 18:34:58 2026] PHP Warning:  Undefined array key "frequency_type" in /Volumes/T7 Loki SS/WORK Hiếu/quan-ly-phong-kham/modules/dashboard/overview_stats.php on line 453
[Mon Apr 20 18:34:58 2026] PHP Warning:  Undefined array key "frequency_type" in /Volumes/T7 Loki SS/WORK Hiếu/quan-ly-phong-kham/modules/dashboard/overview_stats.php on line 453
[Mon Apr 20 18:34:58 2026] PHP Warning:  Undefined array key "frequency_type" in /Volumes/T7 Loki SS/WORK Hiếu/quan-ly-phong-kham/modules/dashboard/overview_stats.php on line 453
[Mon Apr 20 18:34:58 2026] PHP Warning:  Undefined array key "frequency_type" in /Volumes/T7 Loki SS/WORK Hiếu/quan-ly-phong-kham/modules/dashboard/overview_stats.php on line 453
[Mon Apr 20 18:34:58 2026] [::1]:63357 [200]: GET /favicon.ico
[Mon Apr 20 18:34:58 2026] [::1]:63357 Closing
[Mon Apr 20 18:34:58 2026] [::1]:63359 Accepted
[Mon Apr 20 18:34:58 2026] PHP Warning:  Undefined array key "frequency_type" in /Volumes/T7 Loki SS/WORK Hiếu/quan-ly-phong-kham/modules/dashboard/overview_stats.php on line 453
[Mon Apr 20 18:34:58 2026] PHP Warning:  Undefined array key "frequency_type" in /Volumes/T7 Loki SS/WORK Hiếu/quan-ly-phong-kham/modules/dashboard/overview_stats.php on line 453
[Mon Apr 20 18:34:58 2026] PHP Warning:  Undefined array key "frequency_type" in /Volumes/T7 Loki SS/WORK Hiếu/quan-ly-phong-kham/modules/dashboard/overview_stats.php on line 453
[Mon Apr 20 18:34:58 2026] PHP Warning:  Undefined array key "frequency_type" in /Volumes/T7 Loki SS/WORK Hiếu/quan-ly-phong-kham/modules/dashboard/overview_stats.php on line 453
[Mon Apr 20 18:34:58 2026] [::1]:63359 [200]: GET /favicon.ico
[Mon Apr 20 18:34:58 2026] [::1]:63359 Closing
[Mon Apr 20 18:35:04 2026] [::1]:63362 Accepted
[Mon Apr 20 18:35:04 2026] [::1]:63362 [200]: GET /modules/sales/manage_shared.php?id=12
[Mon Apr 20 18:35:04 2026] [::1]:63362 Closing
[Mon Apr 20 18:35:04 2026] [::1]:63363 Accepted
[Mon Apr 20 18:35:04 2026] [::1]:63363 [200]: GET /assets/css/style.css
[Mon Apr 20 18:35:04 2026] [::1]:63365 Accepted
[Mon Apr 20 18:35:04 2026] [::1]:63363 Closing
[Mon Apr 20 18:35:04 2026] [::1]:63366 Accepted
[Mon Apr 20 18:35:04 2026] [::1]:63365 [200]: GET /assets/js/confirm-modal.js
[Mon Apr 20 18:35:04 2026] [::1]:63366 [200]: GET /assets/js/main.js
[Mon Apr 20 18:35:04 2026] [::1]:63365 Closing
[Mon Apr 20 18:35:04 2026] [::1]:63366 Closing
[Mon Apr 20 18:35:04 2026] [::1]:63367 Accepted
[Mon Apr 20 18:35:04 2026] [::1]:63367 [200]: GET /api/staff_tasks.php?count_only=1
[Mon Apr 20 18:35:04 2026] [::1]:63367 Closing
[Mon Apr 20 18:35:04 2026] [::1]:63369 Accepted
[Mon Apr 20 18:35:04 2026] PHP Warning:  Undefined array key "frequency_type" in /Volumes/T7 Loki SS/WORK Hiếu/quan-ly-phong-kham/modules/dashboard/overview_stats.php on line 453
[Mon Apr 20 18:35:04 2026] PHP Warning:  Undefined array key "frequency_type" in /Volumes/T7 Loki SS/WORK Hiếu/quan-ly-phong-kham/modules/dashboard/overview_stats.php on line 453
[Mon Apr 20 18:35:04 2026] PHP Warning:  Undefined array key "frequency_type" in /Volumes/T7 Loki SS/WORK Hiếu/quan-ly-phong-kham/modules/dashboard/overview_stats.php on line 453
[Mon Apr 20 18:35:04 2026] PHP Warning:  Undefined array key "frequency_type" in /Volumes/T7 Loki SS/WORK Hiếu/quan-ly-phong-kham/modules/dashboard/overview_stats.php on line 453
[Mon Apr 20 18:35:04 2026] [::1]:63369 [200]: GET /favicon.ico
[Mon Apr 20 18:35:04 2026] [::1]:63369 Closing
[Mon Apr 20 18:35:14 2026] [::1]:63371 Accepted
[Mon Apr 20 18:35:14 2026] PHP Warning:  Undefined array key "frequency_type" in /Volumes/T7 Loki SS/WORK Hiếu/quan-ly-phong-kham/modules/dashboard/overview_stats.php on line 453
[Mon Apr 20 18:35:14 2026] PHP Warning:  Undefined array key "frequency_type" in /Volumes/T7 Loki SS/WORK Hiếu/quan-ly-phong-kham/modules/dashboard/overview_stats.php on line 453
[Mon Apr 20 18:35:14 2026] PHP Warning:  Undefined array key "frequency_type" in /Volumes/T7 Loki SS/WORK Hiếu/quan-ly-phong-kham/modules/dashboard/overview_stats.php on line 453
[Mon Apr 20 18:35:14 2026] PHP Warning:  Undefined array key "frequency_type" in /Volumes/T7 Loki SS/WORK Hiếu/quan-ly-phong-kham/modules/dashboard/overview_stats.php on line 453
[Mon Apr 20 18:35:14 2026] [::1]:63371 [200]: GET /index.php
[Mon Apr 20 18:35:14 2026] [::1]:63371 Closing
[Mon Apr 20 18:35:14 2026] [::1]:63372 Accepted
[Mon Apr 20 18:35:14 2026] [::1]:63374 Accepted
[Mon Apr 20 18:35:14 2026] [::1]:63372 [200]: GET /assets/css/style.css
[Mon Apr 20 18:35:14 2026] [::1]:63374 [200]: GET /assets/js/confirm-modal.js
[Mon Apr 20 18:35:14 2026] [::1]:63372 Closing
[Mon Apr 20 18:35:14 2026] [::1]:63374 Closing
[Mon Apr 20 18:35:14 2026] [::1]:63375 Accepted
[Mon Apr 20 18:35:14 2026] [::1]:63375 [200]: GET /assets/js/main.js
[Mon Apr 20 18:35:14 2026] [::1]:63375 Closing
[Mon Apr 20 18:35:14 2026] [::1]:63376 Accepted
[Mon Apr 20 18:35:14 2026] [::1]:63376 [200]: GET /api/staff_tasks.php?count_only=1
[Mon Apr 20 18:35:14 2026] [::1]:63376 Closing
[Mon Apr 20 18:35:14 2026] [::1]:63378 Accepted
[Mon Apr 20 18:35:14 2026] PHP Warning:  Undefined array key "frequency_type" in /Volumes/T7 Loki SS/WORK Hiếu/quan-ly-phong-kham/modules/dashboard/overview_stats.php on line 453
[Mon Apr 20 18:35:14 2026] PHP Warning:  Undefined array key "frequency_type" in /Volumes/T7 Loki SS/WORK Hiếu/quan-ly-phong-kham/modules/dashboard/overview_stats.php on line 453
[Mon Apr 20 18:35:14 2026] PHP Warning:  Undefined array key "frequency_type" in /Volumes/T7 Loki SS/WORK Hiếu/quan-ly-phong-kham/modules/dashboard/overview_stats.php on line 453
[Mon Apr 20 18:35:14 2026] PHP Warning:  Undefined array key "frequency_type" in /Volumes/T7 Loki SS/WORK Hiếu/quan-ly-phong-kham/modules/dashboard/overview_stats.php on line 453
[Mon Apr 20 18:35:14 2026] [::1]:63378 [200]: GET /favicon.ico
[Mon Apr 20 18:35:14 2026] [::1]:63378 Closing
[Mon Apr 20 18:35:16 2026] [::1]:63380 Accepted
[Mon Apr 20 18:35:16 2026] [::1]:63380 [200]: GET /modules/appointments/index.php
[Mon Apr 20 18:35:16 2026] [::1]:63380 Closing
[Mon Apr 20 18:35:16 2026] [::1]:63381 Accepted
[Mon Apr 20 18:35:16 2026] [::1]:63381 [200]: GET /assets/css/style.css
[Mon Apr 20 18:35:16 2026] [::1]:63383 Accepted
[Mon Apr 20 18:35:16 2026] [::1]:63381 Closing
[Mon Apr 20 18:35:16 2026] [::1]:63383 [200]: GET /assets/js/confirm-modal.js
[Mon Apr 20 18:35:16 2026] [::1]:63383 Closing
[Mon Apr 20 18:35:16 2026] [::1]:63384 Accepted
[Mon Apr 20 18:35:16 2026] [::1]:63384 [200]: GET /assets/js/main.js
[Mon Apr 20 18:35:16 2026] [::1]:63384 Closing
[Mon Apr 20 18:35:16 2026] [::1]:63385 Accepted
[Mon Apr 20 18:35:16 2026] [::1]:63385 [200]: GET /api/staff_tasks.php?count_only=1
[Mon Apr 20 18:35:16 2026] [::1]:63385 Closing
[Mon Apr 20 18:35:16 2026] [::1]:63387 Accepted
[Mon Apr 20 18:35:16 2026] PHP Warning:  Undefined array key "frequency_type" in /Volumes/T7 Loki SS/WORK Hiếu/quan-ly-phong-kham/modules/dashboard/overview_stats.php on line 453
[Mon Apr 20 18:35:16 2026] PHP Warning:  Undefined array key "frequency_type" in /Volumes/T7 Loki SS/WORK Hiếu/quan-ly-phong-kham/modules/dashboard/overview_stats.php on line 453
[Mon Apr 20 18:35:16 2026] PHP Warning:  Undefined array key "frequency_type" in /Volumes/T7 Loki SS/WORK Hiếu/quan-ly-phong-kham/modules/dashboard/overview_stats.php on line 453
[Mon Apr 20 18:35:16 2026] PHP Warning:  Undefined array key "frequency_type" in /Volumes/T7 Loki SS/WORK Hiếu/quan-ly-phong-kham/modules/dashboard/overview_stats.php on line 453
[Mon Apr 20 18:35:16 2026] [::1]:63387 [200]: GET /favicon.ico
[Mon Apr 20 18:35:16 2026] [::1]:63387 Closing
[Mon Apr 20 18:38:07 2026] [::1]:63430 Accepted
[Mon Apr 20 18:38:07 2026] [::1]:63431 Accepted
[Mon Apr 20 18:38:07 2026] [::1]:63430 [200]: GET /modules/sales/manage_shared.php?id=12
[Mon Apr 20 18:38:07 2026] [::1]:63430 Closing
[Mon Apr 20 18:38:07 2026] [::1]:63431 [200]: GET /assets/css/style.css
[Mon Apr 20 18:38:07 2026] [::1]:63433 Accepted
[Mon Apr 20 18:38:07 2026] [::1]:63434 Accepted
[Mon Apr 20 18:38:07 2026] [::1]:63431 Closing
[Mon Apr 20 18:38:07 2026] [::1]:63433 [200]: GET /assets/js/confirm-modal.js
[Mon Apr 20 18:38:07 2026] [::1]:63434 [200]: GET /assets/js/main.js
[Mon Apr 20 18:38:07 2026] [::1]:63433 Closing
[Mon Apr 20 18:38:07 2026] [::1]:63434 Closing
[Mon Apr 20 18:38:07 2026] [::1]:63436 Accepted
[Mon Apr 20 18:38:07 2026] [::1]:63436 [200]: GET /api/staff_tasks.php?count_only=1
[Mon Apr 20 18:38:07 2026] [::1]:63436 Closing
[Mon Apr 20 18:38:07 2026] [::1]:63438 Accepted
[Mon Apr 20 18:38:07 2026] PHP Warning:  Undefined array key "frequency_type" in /Volumes/T7 Loki SS/WORK Hiếu/quan-ly-phong-kham/modules/dashboard/overview_stats.php on line 453
[Mon Apr 20 18:38:07 2026] PHP Warning:  Undefined array key "frequency_type" in /Volumes/T7 Loki SS/WORK Hiếu/quan-ly-phong-kham/modules/dashboard/overview_stats.php on line 453
[Mon Apr 20 18:38:07 2026] PHP Warning:  Undefined array key "frequency_type" in /Volumes/T7 Loki SS/WORK Hiếu/quan-ly-phong-kham/modules/dashboard/overview_stats.php on line 453
[Mon Apr 20 18:38:07 2026] PHP Warning:  Undefined array key "frequency_type" in /Volumes/T7 Loki SS/WORK Hiếu/quan-ly-phong-kham/modules/dashboard/overview_stats.php on line 453
[Mon Apr 20 18:38:07 2026] [::1]:63438 [200]: GET /favicon.ico
[Mon Apr 20 18:38:07 2026] [::1]:63438 Closing
[Mon Apr 20 18:38:13 2026] [::1]:63441 Accepted
[Mon Apr 20 18:38:13 2026] [::1]:63441 [200]: GET /modules/appointments/index.php
[Mon Apr 20 18:38:13 2026] [::1]:63441 Closing
[Mon Apr 20 18:38:13 2026] [::1]:63442 Accepted
[Mon Apr 20 18:38:13 2026] [::1]:63444 Accepted
[Mon Apr 20 18:38:13 2026] [::1]:63442 [200]: GET /assets/css/style.css
[Mon Apr 20 18:38:13 2026] [::1]:63444 [200]: GET /assets/js/confirm-modal.js
[Mon Apr 20 18:38:13 2026] [::1]:63442 Closing
[Mon Apr 20 18:38:13 2026] [::1]:63444 Closing
[Mon Apr 20 18:38:13 2026] [::1]:63445 Accepted
[Mon Apr 20 18:38:13 2026] [::1]:63445 [200]: GET /assets/js/main.js
[Mon Apr 20 18:38:13 2026] [::1]:63445 Closing
[Mon Apr 20 18:38:13 2026] [::1]:63446 Accepted
[Mon Apr 20 18:38:13 2026] [::1]:63446 [200]: GET /api/staff_tasks.php?count_only=1
[Mon Apr 20 18:38:13 2026] [::1]:63446 Closing
[Mon Apr 20 18:38:13 2026] [::1]:63448 Accepted
[Mon Apr 20 18:38:13 2026] PHP Warning:  Undefined array key "frequency_type" in /Volumes/T7 Loki SS/WORK Hiếu/quan-ly-phong-kham/modules/dashboard/overview_stats.php on line 453
[Mon Apr 20 18:38:13 2026] PHP Warning:  Undefined array key "frequency_type" in /Volumes/T7 Loki SS/WORK Hiếu/quan-ly-phong-kham/modules/dashboard/overview_stats.php on line 453
[Mon Apr 20 18:38:13 2026] PHP Warning:  Undefined array key "frequency_type" in /Volumes/T7 Loki SS/WORK Hiếu/quan-ly-phong-kham/modules/dashboard/overview_stats.php on line 453
[Mon Apr 20 18:38:13 2026] PHP Warning:  Undefined array key "frequency_type" in /Volumes/T7 Loki SS/WORK Hiếu/quan-ly-phong-kham/modules/dashboard/overview_stats.php on line 453
[Mon Apr 20 18:38:13 2026] [::1]:63448 [200]: GET /favicon.ico
[Mon Apr 20 18:38:13 2026] [::1]:63448 Closing
[Mon Apr 20 18:38:15 2026] [::1]:63452 Accepted
[Mon Apr 20 18:38:15 2026] [::1]:63452 [200]: GET /modules/billing/get_catalog_api.php?patient_id=30
[Mon Apr 20 18:38:15 2026] [::1]:63452 Closing
[Mon Apr 20 18:38:28 2026] [::1]:63457 Accepted
[Mon Apr 20 18:38:28 2026] [::1]:63457 [200]: POST /modules/billing/create_invoice_api.php
[Mon Apr 20 18:38:28 2026] [::1]:63457 Closing
[Mon Apr 20 18:38:28 2026] [::1]:63459 Accepted
[Mon Apr 20 18:38:28 2026] [::1]:63459 [200]: GET /modules/billing/get_invoice_api.php?id=64
[Mon Apr 20 18:38:28 2026] [::1]:63459 Closing
[Mon Apr 20 18:38:36 2026] [::1]:63461 Accepted
[Mon Apr 20 18:38:36 2026] [::1]:63461 [200]: GET /modules/sales/manage_shared.php?id=12
[Mon Apr 20 18:38:36 2026] [::1]:63461 Closing
[Mon Apr 20 18:38:36 2026] [::1]:63462 Accepted
[Mon Apr 20 18:38:36 2026] [::1]:63462 [200]: GET /api/staff_tasks.php?count_only=1
[Mon Apr 20 18:38:36 2026] [::1]:63462 Closing
[Mon Apr 20 18:38:36 2026] [::1]:63465 Accepted
[Mon Apr 20 18:38:36 2026] PHP Warning:  Undefined array key "frequency_type" in /Volumes/T7 Loki SS/WORK Hiếu/quan-ly-phong-kham/modules/dashboard/overview_stats.php on line 453
[Mon Apr 20 18:38:36 2026] PHP Warning:  Undefined array key "frequency_type" in /Volumes/T7 Loki SS/WORK Hiếu/quan-ly-phong-kham/modules/dashboard/overview_stats.php on line 453
[Mon Apr 20 18:38:36 2026] PHP Warning:  Undefined array key "frequency_type" in /Volumes/T7 Loki SS/WORK Hiếu/quan-ly-phong-kham/modules/dashboard/overview_stats.php on line 453
[Mon Apr 20 18:38:36 2026] PHP Warning:  Undefined array key "frequency_type" in /Volumes/T7 Loki SS/WORK Hiếu/quan-ly-phong-kham/modules/dashboard/overview_stats.php on line 453
[Mon Apr 20 18:38:36 2026] [::1]:63465 [200]: GET /favicon.ico
[Mon Apr 20 18:38:36 2026] [::1]:63465 Closing
[Mon Apr 20 18:38:38 2026] [::1]:63467 Accepted
[Mon Apr 20 18:38:38 2026] [::1]:63467 [200]: GET /modules/sales/manage_shared.php?id=12
[Mon Apr 20 18:38:38 2026] [::1]:63467 Closing
[Mon Apr 20 18:38:38 2026] [::1]:63468 Accepted
[Mon Apr 20 18:38:38 2026] [::1]:63468 [200]: GET /assets/css/style.css
[Mon Apr 20 18:38:38 2026] [::1]:63468 Closing
[Mon Apr 20 18:38:38 2026] [::1]:63470 Accepted
[Mon Apr 20 18:38:38 2026] [::1]:63470 [200]: GET /assets/js/confirm-modal.js
[Mon Apr 20 18:38:38 2026] [::1]:63470 Closing
[Mon Apr 20 18:38:38 2026] [::1]:63471 Accepted
[Mon Apr 20 18:38:38 2026] [::1]:63471 [200]: GET /assets/js/main.js
[Mon Apr 20 18:38:38 2026] [::1]:63471 Closing
[Mon Apr 20 18:38:38 2026] [::1]:63472 Accepted
[Mon Apr 20 18:38:38 2026] [::1]:63472 [200]: GET /api/staff_tasks.php?count_only=1
[Mon Apr 20 18:38:38 2026] [::1]:63472 Closing
[Mon Apr 20 18:38:38 2026] [::1]:63474 Accepted
[Mon Apr 20 18:38:38 2026] PHP Warning:  Undefined array key "frequency_type" in /Volumes/T7 Loki SS/WORK Hiếu/quan-ly-phong-kham/modules/dashboard/overview_stats.php on line 453
[Mon Apr 20 18:38:38 2026] PHP Warning:  Undefined array key "frequency_type" in /Volumes/T7 Loki SS/WORK Hiếu/quan-ly-phong-kham/modules/dashboard/overview_stats.php on line 453
[Mon Apr 20 18:38:38 2026] PHP Warning:  Undefined array key "frequency_type" in /Volumes/T7 Loki SS/WORK Hiếu/quan-ly-phong-kham/modules/dashboard/overview_stats.php on line 453
[Mon Apr 20 18:38:38 2026] PHP Warning:  Undefined array key "frequency_type" in /Volumes/T7 Loki SS/WORK Hiếu/quan-ly-phong-kham/modules/dashboard/overview_stats.php on line 453
[Mon Apr 20 18:38:38 2026] [::1]:63474 [200]: GET /favicon.ico
[Mon Apr 20 18:38:38 2026] [::1]:63474 Closing
[Mon Apr 20 18:38:41 2026] [::1]:63476 Accepted
[Mon Apr 20 18:38:41 2026] [::1]:63476 [200]: GET /modules/sales/index.php
[Mon Apr 20 18:38:41 2026] [::1]:63476 Closing
[Mon Apr 20 18:38:41 2026] [::1]:63477 Accepted
[Mon Apr 20 18:38:41 2026] [::1]:63479 Accepted
[Mon Apr 20 18:38:41 2026] [::1]:63477 [200]: GET /assets/css/style.css
[Mon Apr 20 18:38:41 2026] [::1]:63479 [200]: GET /assets/js/confirm-modal.js
[Mon Apr 20 18:38:41 2026] [::1]:63477 Closing
[Mon Apr 20 18:38:41 2026] [::1]:63479 Closing
[Mon Apr 20 18:38:41 2026] [::1]:63480 Accepted
[Mon Apr 20 18:38:41 2026] [::1]:63480 [200]: GET /assets/js/main.js
[Mon Apr 20 18:38:41 2026] [::1]:63480 Closing
[Mon Apr 20 18:38:41 2026] [::1]:63481 Accepted
[Mon Apr 20 18:38:41 2026] [::1]:63481 [200]: GET /api/staff_tasks.php?count_only=1
[Mon Apr 20 18:38:41 2026] [::1]:63481 Closing
[Mon Apr 20 18:38:41 2026] [::1]:63483 Accepted
[Mon Apr 20 18:38:41 2026] PHP Warning:  Undefined array key "frequency_type" in /Volumes/T7 Loki SS/WORK Hiếu/quan-ly-phong-kham/modules/dashboard/overview_stats.php on line 453
[Mon Apr 20 18:38:41 2026] PHP Warning:  Undefined array key "frequency_type" in /Volumes/T7 Loki SS/WORK Hiếu/quan-ly-phong-kham/modules/dashboard/overview_stats.php on line 453
[Mon Apr 20 18:38:41 2026] PHP Warning:  Undefined array key "frequency_type" in /Volumes/T7 Loki SS/WORK Hiếu/quan-ly-phong-kham/modules/dashboard/overview_stats.php on line 453
[Mon Apr 20 18:38:41 2026] PHP Warning:  Undefined array key "frequency_type" in /Volumes/T7 Loki SS/WORK Hiếu/quan-ly-phong-kham/modules/dashboard/overview_stats.php on line 453
[Mon Apr 20 18:38:41 2026] [::1]:63483 [200]: GET /favicon.ico
[Mon Apr 20 18:38:41 2026] [::1]:63483 Closing
[Mon Apr 20 18:38:45 2026] [::1]:63485 Accepted
[Mon Apr 20 18:38:45 2026] [::1]:63485 [200]: GET /modules/sales/manage_shared.php?id=12
[Mon Apr 20 18:38:45 2026] [::1]:63485 Closing
[Mon Apr 20 18:38:45 2026] [::1]:63486 Accepted
[Mon Apr 20 18:38:45 2026] [::1]:63486 [200]: GET /assets/css/style.css
[Mon Apr 20 18:38:45 2026] [::1]:63486 Closing
[Mon Apr 20 18:38:45 2026] [::1]:63488 Accepted
[Mon Apr 20 18:38:45 2026] [::1]:63489 Accepted
[Mon Apr 20 18:38:45 2026] [::1]:63488 [200]: GET /assets/js/confirm-modal.js
[Mon Apr 20 18:38:45 2026] [::1]:63488 Closing
[Mon Apr 20 18:38:45 2026] [::1]:63489 [200]: GET /assets/js/main.js
[Mon Apr 20 18:38:45 2026] [::1]:63489 Closing
[Mon Apr 20 18:38:45 2026] [::1]:63490 Accepted
[Mon Apr 20 18:38:45 2026] [::1]:63490 [200]: GET /api/staff_tasks.php?count_only=1
[Mon Apr 20 18:38:45 2026] [::1]:63490 Closing
[Mon Apr 20 18:38:45 2026] [::1]:63492 Accepted
[Mon Apr 20 18:38:45 2026] PHP Warning:  Undefined array key "frequency_type" in /Volumes/T7 Loki SS/WORK Hiếu/quan-ly-phong-kham/modules/dashboard/overview_stats.php on line 453
[Mon Apr 20 18:38:45 2026] PHP Warning:  Undefined array key "frequency_type" in /Volumes/T7 Loki SS/WORK Hiếu/quan-ly-phong-kham/modules/dashboard/overview_stats.php on line 453
[Mon Apr 20 18:38:45 2026] PHP Warning:  Undefined array key "frequency_type" in /Volumes/T7 Loki SS/WORK Hiếu/quan-ly-phong-kham/modules/dashboard/overview_stats.php on line 453
[Mon Apr 20 18:38:45 2026] PHP Warning:  Undefined array key "frequency_type" in /Volumes/T7 Loki SS/WORK Hiếu/quan-ly-phong-kham/modules/dashboard/overview_stats.php on line 453
[Mon Apr 20 18:38:45 2026] [::1]:63492 [200]: GET /favicon.ico
[Mon Apr 20 18:38:45 2026] [::1]:63492 Closing
[Mon Apr 20 18:45:56 2026] [::1]:63608 Accepted
[Mon Apr 20 18:45:56 2026] [::1]:63609 Accepted
[Mon Apr 20 18:45:56 2026] [::1]:63608 [200]: GET /modules/sales/manage_shared.php?id=12
[Mon Apr 20 18:45:56 2026] [::1]:63608 Closing
[Mon Apr 20 18:45:56 2026] [::1]:63609 [200]: GET /assets/css/style.css
[Mon Apr 20 18:45:56 2026] [::1]:63609 Closing
[Mon Apr 20 18:45:56 2026] [::1]:63611 Accepted
[Mon Apr 20 18:45:56 2026] [::1]:63612 Accepted
[Mon Apr 20 18:45:56 2026] [::1]:63611 [200]: GET /assets/js/main.js
[Mon Apr 20 18:45:56 2026] [::1]:63612 [200]: GET /assets/js/confirm-modal.js
[Mon Apr 20 18:45:56 2026] [::1]:63611 Closing
[Mon Apr 20 18:45:56 2026] [::1]:63612 Closing
[Mon Apr 20 18:45:57 2026] [::1]:63613 Accepted
[Mon Apr 20 18:45:57 2026] [::1]:63613 [200]: GET /api/staff_tasks.php?count_only=1
[Mon Apr 20 18:45:57 2026] [::1]:63613 Closing
[Mon Apr 20 18:45:57 2026] [::1]:63615 Accepted
[Mon Apr 20 18:45:57 2026] PHP Warning:  Undefined array key "frequency_type" in /Volumes/T7 Loki SS/WORK Hiếu/quan-ly-phong-kham/modules/dashboard/overview_stats.php on line 453
[Mon Apr 20 18:45:57 2026] PHP Warning:  Undefined array key "frequency_type" in /Volumes/T7 Loki SS/WORK Hiếu/quan-ly-phong-kham/modules/dashboard/overview_stats.php on line 453
[Mon Apr 20 18:45:57 2026] PHP Warning:  Undefined array key "frequency_type" in /Volumes/T7 Loki SS/WORK Hiếu/quan-ly-phong-kham/modules/dashboard/overview_stats.php on line 453
[Mon Apr 20 18:45:57 2026] PHP Warning:  Undefined array key "frequency_type" in /Volumes/T7 Loki SS/WORK Hiếu/quan-ly-phong-kham/modules/dashboard/overview_stats.php on line 453
[Mon Apr 20 18:45:57 2026] [::1]:63615 [200]: GET /favicon.ico
[Mon Apr 20 18:45:57 2026] [::1]:63615 Closing
[Mon Apr 20 18:50:12 2026] [::1]:63664 Accepted
[Mon Apr 20 18:50:12 2026] [::1]:63665 Accepted
[Mon Apr 20 18:50:12 2026] [::1]:63664 [200]: GET /modules/sales/manage_shared.php?id=12
[Mon Apr 20 18:50:12 2026] [::1]:63664 Closing
[Mon Apr 20 18:50:12 2026] [::1]:63665 [200]: GET /assets/css/style.css
[Mon Apr 20 18:50:12 2026] [::1]:63667 Accepted
[Mon Apr 20 18:50:12 2026] [::1]:63668 Accepted
[Mon Apr 20 18:50:12 2026] [::1]:63665 Closing
[Mon Apr 20 18:50:12 2026] [::1]:63667 [200]: GET /assets/js/confirm-modal.js
[Mon Apr 20 18:50:12 2026] [::1]:63668 [200]: GET /assets/js/main.js
[Mon Apr 20 18:50:12 2026] [::1]:63667 Closing
[Mon Apr 20 18:50:12 2026] [::1]:63668 Closing
[Mon Apr 20 18:50:12 2026] [::1]:63669 Accepted
[Mon Apr 20 18:50:12 2026] [::1]:63669 [200]: GET /api/staff_tasks.php?count_only=1
[Mon Apr 20 18:50:12 2026] [::1]:63669 Closing
[Mon Apr 20 18:50:12 2026] [::1]:63671 Accepted
[Mon Apr 20 18:50:12 2026] PHP Warning:  Undefined array key "frequency_type" in /Volumes/T7 Loki SS/WORK Hiếu/quan-ly-phong-kham/modules/dashboard/overview_stats.php on line 453
[Mon Apr 20 18:50:12 2026] PHP Warning:  Undefined array key "frequency_type" in /Volumes/T7 Loki SS/WORK Hiếu/quan-ly-phong-kham/modules/dashboard/overview_stats.php on line 453
[Mon Apr 20 18:50:12 2026] PHP Warning:  Undefined array key "frequency_type" in /Volumes/T7 Loki SS/WORK Hiếu/quan-ly-phong-kham/modules/dashboard/overview_stats.php on line 453
[Mon Apr 20 18:50:12 2026] PHP Warning:  Undefined array key "frequency_type" in /Volumes/T7 Loki SS/WORK Hiếu/quan-ly-phong-kham/modules/dashboard/overview_stats.php on line 453
[Mon Apr 20 18:50:12 2026] [::1]:63671 [200]: GET /favicon.ico
[Mon Apr 20 18:50:12 2026] [::1]:63671 Closing
[Mon Apr 20 18:51:37 2026] [::1]:63699 Accepted
[Mon Apr 20 18:51:37 2026] [::1]:63700 Accepted
[Mon Apr 20 18:51:37 2026] [::1]:63699 [200]: GET /modules/sales/manage_shared.php?id=12
[Mon Apr 20 18:51:37 2026] [::1]:63699 Closing
[Mon Apr 20 18:51:37 2026] [::1]:63700 [200]: GET /assets/css/style.css
[Mon Apr 20 18:51:37 2026] [::1]:63702 Accepted
[Mon Apr 20 18:51:37 2026] [::1]:63700 Closing
[Mon Apr 20 18:51:37 2026] [::1]:63703 Accepted
[Mon Apr 20 18:51:37 2026] [::1]:63703 [200]: GET /assets/js/main.js
[Mon Apr 20 18:51:37 2026] [::1]:63702 [200]: GET /assets/js/confirm-modal.js
[Mon Apr 20 18:51:37 2026] [::1]:63703 Closing
[Mon Apr 20 18:51:37 2026] [::1]:63702 Closing
[Mon Apr 20 18:51:37 2026] [::1]:63705 Accepted
[Mon Apr 20 18:51:37 2026] [::1]:63705 [200]: GET /api/staff_tasks.php?count_only=1
[Mon Apr 20 18:51:37 2026] [::1]:63705 Closing
[Mon Apr 20 18:51:37 2026] [::1]:63707 Accepted
[Mon Apr 20 18:51:37 2026] PHP Warning:  Undefined array key "frequency_type" in /Volumes/T7 Loki SS/WORK Hiếu/quan-ly-phong-kham/modules/dashboard/overview_stats.php on line 453
[Mon Apr 20 18:51:37 2026] PHP Warning:  Undefined array key "frequency_type" in /Volumes/T7 Loki SS/WORK Hiếu/quan-ly-phong-kham/modules/dashboard/overview_stats.php on line 453
[Mon Apr 20 18:51:37 2026] PHP Warning:  Undefined array key "frequency_type" in /Volumes/T7 Loki SS/WORK Hiếu/quan-ly-phong-kham/modules/dashboard/overview_stats.php on line 453
[Mon Apr 20 18:51:37 2026] PHP Warning:  Undefined array key "frequency_type" in /Volumes/T7 Loki SS/WORK Hiếu/quan-ly-phong-kham/modules/dashboard/overview_stats.php on line 453
[Mon Apr 20 18:51:37 2026] [::1]:63707 [200]: GET /favicon.ico
[Mon Apr 20 18:51:37 2026] [::1]:63707 Closing
[Mon Apr 20 18:52:27 2026] [::1]:63719 Accepted
[Mon Apr 20 18:52:27 2026] [::1]:63719 [302]: GET /modules/sales/manage_shared.php?id=12
[Mon Apr 20 18:52:27 2026] [::1]:63719 Closing
[Mon Apr 20 18:55:13 2026] [::1]:63747 Accepted
[Mon Apr 20 18:55:13 2026] [::1]:63748 Accepted
[Mon Apr 20 18:55:13 2026] [::1]:63747 [200]: GET /modules/sales/manage_shared.php?id=12
[Mon Apr 20 18:55:13 2026] [::1]:63747 Closing
[Mon Apr 20 18:55:13 2026] [::1]:63750 Accepted
[Mon Apr 20 18:55:13 2026] [::1]:63748 [200]: GET /assets/css/style.css
[Mon Apr 20 18:55:13 2026] [::1]:63751 Accepted
[Mon Apr 20 18:55:13 2026] [::1]:63748 Closing
[Mon Apr 20 18:55:13 2026] [::1]:63750 [200]: GET /assets/js/confirm-modal.js
[Mon Apr 20 18:55:13 2026] [::1]:63751 [200]: GET /assets/js/main.js
[Mon Apr 20 18:55:13 2026] [::1]:63750 Closing
[Mon Apr 20 18:55:13 2026] [::1]:63751 Closing
[Mon Apr 20 18:55:13 2026] [::1]:63752 Accepted
[Mon Apr 20 18:55:13 2026] [::1]:63752 [200]: GET /api/staff_tasks.php?count_only=1
[Mon Apr 20 18:55:13 2026] [::1]:63752 Closing
[Mon Apr 20 18:55:14 2026] [::1]:63754 Accepted
[Mon Apr 20 18:55:14 2026] PHP Warning:  Undefined array key "frequency_type" in /Volumes/T7 Loki SS/WORK Hiếu/quan-ly-phong-kham/modules/dashboard/overview_stats.php on line 453
[Mon Apr 20 18:55:14 2026] PHP Warning:  Undefined array key "frequency_type" in /Volumes/T7 Loki SS/WORK Hiếu/quan-ly-phong-kham/modules/dashboard/overview_stats.php on line 453
[Mon Apr 20 18:55:14 2026] PHP Warning:  Undefined array key "frequency_type" in /Volumes/T7 Loki SS/WORK Hiếu/quan-ly-phong-kham/modules/dashboard/overview_stats.php on line 453
[Mon Apr 20 18:55:14 2026] PHP Warning:  Undefined array key "frequency_type" in /Volumes/T7 Loki SS/WORK Hiếu/quan-ly-phong-kham/modules/dashboard/overview_stats.php on line 453
[Mon Apr 20 18:55:14 2026] [::1]:63754 [200]: GET /favicon.ico
[Mon Apr 20 18:55:14 2026] [::1]:63754 Closing
[Mon Apr 20 18:55:16 2026] [::1]:63756 Accepted
[Mon Apr 20 18:55:16 2026] [::1]:63756 [200]: GET /modules/sales/manage_shared.php?id=12
[Mon Apr 20 18:55:16 2026] [::1]:63756 Closing
[Mon Apr 20 18:55:16 2026] [::1]:63757 Accepted
[Mon Apr 20 18:55:16 2026] [::1]:63757 [200]: GET /assets/css/style.css
[Mon Apr 20 18:55:16 2026] [::1]:63757 Closing
[Mon Apr 20 18:55:16 2026] [::1]:63759 Accepted
[Mon Apr 20 18:55:16 2026] [::1]:63759 [200]: GET /assets/js/confirm-modal.js
[Mon Apr 20 18:55:16 2026] [::1]:63759 Closing
[Mon Apr 20 18:55:16 2026] [::1]:63760 Accepted
[Mon Apr 20 18:55:16 2026] [::1]:63760 [200]: GET /assets/js/main.js
[Mon Apr 20 18:55:16 2026] [::1]:63760 Closing
[Mon Apr 20 18:55:17 2026] [::1]:63761 Accepted
[Mon Apr 20 18:55:17 2026] [::1]:63761 [200]: GET /api/staff_tasks.php?count_only=1
[Mon Apr 20 18:55:17 2026] [::1]:63761 Closing
[Mon Apr 20 18:55:17 2026] [::1]:63763 Accepted
[Mon Apr 20 18:55:17 2026] PHP Warning:  Undefined array key "frequency_type" in /Volumes/T7 Loki SS/WORK Hiếu/quan-ly-phong-kham/modules/dashboard/overview_stats.php on line 453
[Mon Apr 20 18:55:17 2026] PHP Warning:  Undefined array key "frequency_type" in /Volumes/T7 Loki SS/WORK Hiếu/quan-ly-phong-kham/modules/dashboard/overview_stats.php on line 453
[Mon Apr 20 18:55:17 2026] PHP Warning:  Undefined array key "frequency_type" in /Volumes/T7 Loki SS/WORK Hiếu/quan-ly-phong-kham/modules/dashboard/overview_stats.php on line 453
[Mon Apr 20 18:55:17 2026] PHP Warning:  Undefined array key "frequency_type" in /Volumes/T7 Loki SS/WORK Hiếu/quan-ly-phong-kham/modules/dashboard/overview_stats.php on line 453
[Mon Apr 20 18:55:17 2026] [::1]:63763 [200]: GET /favicon.ico
[Mon Apr 20 18:55:17 2026] [::1]:63763 Closing
[Mon Apr 20 18:55:36 2026] [::1]:63767 Accepted
[Mon Apr 20 18:55:36 2026] [::1]:63767 [302]: GET /modules/sales/manage_shared.php?id=12
[Mon Apr 20 18:55:36 2026] [::1]:63767 Closing
[Mon Apr 20 18:58:03 2026] [::1]:63801 Accepted
[Mon Apr 20 18:58:03 2026] [::1]:63802 Accepted
[Mon Apr 20 18:58:03 2026] [::1]:63801 [200]: GET /modules/sales/manage_shared.php?id=12
[Mon Apr 20 18:58:03 2026] [::1]:63801 Closing
[Mon Apr 20 18:58:03 2026] [::1]:63802 [200]: GET /assets/css/style.css
[Mon Apr 20 18:58:03 2026] [::1]:63804 Accepted
[Mon Apr 20 18:58:03 2026] [::1]:63805 Accepted
[Mon Apr 20 18:58:03 2026] [::1]:63804 [200]: GET /assets/js/confirm-modal.js
[Mon Apr 20 18:58:03 2026] [::1]:63802 Closing
[Mon Apr 20 18:58:03 2026] [::1]:63805 [200]: GET /assets/js/main.js
[Mon Apr 20 18:58:03 2026] [::1]:63804 Closing
[Mon Apr 20 18:58:03 2026] [::1]:63805 Closing
[Mon Apr 20 18:58:03 2026] [::1]:63807 Accepted
[Mon Apr 20 18:58:03 2026] [::1]:63807 [200]: GET /api/staff_tasks.php?count_only=1
[Mon Apr 20 18:58:03 2026] [::1]:63807 Closing
[Mon Apr 20 18:58:03 2026] [::1]:63809 Accepted
[Mon Apr 20 18:58:04 2026] PHP Warning:  Undefined array key "frequency_type" in /Volumes/T7 Loki SS/WORK Hiếu/quan-ly-phong-kham/modules/dashboard/overview_stats.php on line 453
[Mon Apr 20 18:58:04 2026] PHP Warning:  Undefined array key "frequency_type" in /Volumes/T7 Loki SS/WORK Hiếu/quan-ly-phong-kham/modules/dashboard/overview_stats.php on line 453
[Mon Apr 20 18:58:04 2026] PHP Warning:  Undefined array key "frequency_type" in /Volumes/T7 Loki SS/WORK Hiếu/quan-ly-phong-kham/modules/dashboard/overview_stats.php on line 453
[Mon Apr 20 18:58:04 2026] PHP Warning:  Undefined array key "frequency_type" in /Volumes/T7 Loki SS/WORK Hiếu/quan-ly-phong-kham/modules/dashboard/overview_stats.php on line 453
[Mon Apr 20 18:58:04 2026] [::1]:63809 [200]: GET /favicon.ico
[Mon Apr 20 18:58:04 2026] [::1]:63809 Closing
[Mon Apr 20 18:58:09 2026] [::1]:63811 Accepted
[Mon Apr 20 18:58:09 2026] [::1]:63811 [302]: POST /modules/sales/manage_shared.php?id=12
[Mon Apr 20 18:58:09 2026] [::1]:63811 Closing
[Mon Apr 20 18:58:09 2026] [::1]:63812 Accepted
[Mon Apr 20 18:58:09 2026] [::1]:63812 [200]: GET /modules/sales/manage_shared.php?id=12
[Mon Apr 20 18:58:09 2026] [::1]:63812 Closing
[Mon Apr 20 18:58:09 2026] [::1]:63815 Accepted
[Mon Apr 20 18:58:09 2026] [::1]:63816 Accepted
[Mon Apr 20 18:58:09 2026] [::1]:63815 [200]: GET /assets/css/style.css
[Mon Apr 20 18:58:09 2026] [::1]:63817 Accepted
[Mon Apr 20 18:58:09 2026] [::1]:63815 Closing
[Mon Apr 20 18:58:09 2026] [::1]:63816 [200]: GET /assets/js/confirm-modal.js
[Mon Apr 20 18:58:09 2026] [::1]:63816 Closing
[Mon Apr 20 18:58:09 2026] [::1]:63817 [200]: GET /assets/js/main.js
[Mon Apr 20 18:58:09 2026] [::1]:63817 Closing
[Mon Apr 20 18:58:09 2026] [::1]:63818 Accepted
[Mon Apr 20 18:58:09 2026] [::1]:63818 [200]: GET /api/staff_tasks.php?count_only=1
[Mon Apr 20 18:58:09 2026] [::1]:63818 Closing
[Mon Apr 20 18:58:09 2026] [::1]:63820 Accepted
[Mon Apr 20 18:58:09 2026] PHP Warning:  Undefined array key "frequency_type" in /Volumes/T7 Loki SS/WORK Hiếu/quan-ly-phong-kham/modules/dashboard/overview_stats.php on line 453
[Mon Apr 20 18:58:09 2026] PHP Warning:  Undefined array key "frequency_type" in /Volumes/T7 Loki SS/WORK Hiếu/quan-ly-phong-kham/modules/dashboard/overview_stats.php on line 453
[Mon Apr 20 18:58:09 2026] PHP Warning:  Undefined array key "frequency_type" in /Volumes/T7 Loki SS/WORK Hiếu/quan-ly-phong-kham/modules/dashboard/overview_stats.php on line 453
[Mon Apr 20 18:58:09 2026] PHP Warning:  Undefined array key "frequency_type" in /Volumes/T7 Loki SS/WORK Hiếu/quan-ly-phong-kham/modules/dashboard/overview_stats.php on line 453
[Mon Apr 20 18:58:09 2026] [::1]:63820 [200]: GET /favicon.ico
[Mon Apr 20 18:58:09 2026] [::1]:63820 Closing
[Mon Apr 20 18:59:30 2026] [::1]:63844 Accepted
[Mon Apr 20 18:59:30 2026] [::1]:63845 Accepted
[Mon Apr 20 18:59:30 2026] [::1]:63844 [200]: GET /modules/sales/manage_shared.php?id=12
[Mon Apr 20 18:59:30 2026] [::1]:63844 Closing
[Mon Apr 20 18:59:30 2026] [::1]:63847 Accepted
[Mon Apr 20 18:59:30 2026] [::1]:63845 [200]: GET /assets/css/style.css
[Mon Apr 20 18:59:30 2026] [::1]:63848 Accepted
[Mon Apr 20 18:59:30 2026] [::1]:63847 [200]: GET /assets/js/confirm-modal.js
[Mon Apr 20 18:59:30 2026] [::1]:63848 [200]: GET /assets/js/main.js
[Mon Apr 20 18:59:30 2026] [::1]:63845 Closing
[Mon Apr 20 18:59:30 2026] [::1]:63847 Closing
[Mon Apr 20 18:59:30 2026] [::1]:63848 Closing
[Mon Apr 20 18:59:31 2026] [::1]:63849 Accepted
[Mon Apr 20 18:59:31 2026] [::1]:63849 [200]: GET /api/staff_tasks.php?count_only=1
[Mon Apr 20 18:59:31 2026] [::1]:63849 Closing
[Mon Apr 20 18:59:31 2026] [::1]:63851 Accepted
[Mon Apr 20 18:59:31 2026] PHP Warning:  Undefined array key "frequency_type" in /Volumes/T7 Loki SS/WORK Hiếu/quan-ly-phong-kham/modules/dashboard/overview_stats.php on line 453
[Mon Apr 20 18:59:31 2026] PHP Warning:  Undefined array key "frequency_type" in /Volumes/T7 Loki SS/WORK Hiếu/quan-ly-phong-kham/modules/dashboard/overview_stats.php on line 453
[Mon Apr 20 18:59:31 2026] PHP Warning:  Undefined array key "frequency_type" in /Volumes/T7 Loki SS/WORK Hiếu/quan-ly-phong-kham/modules/dashboard/overview_stats.php on line 453
[Mon Apr 20 18:59:31 2026] PHP Warning:  Undefined array key "frequency_type" in /Volumes/T7 Loki SS/WORK Hiếu/quan-ly-phong-kham/modules/dashboard/overview_stats.php on line 453
[Mon Apr 20 18:59:31 2026] [::1]:63851 [200]: GET /favicon.ico
[Mon Apr 20 18:59:31 2026] [::1]:63851 Closing
[Mon Apr 20 18:59:44 2026] [::1]:63855 Accepted
[Mon Apr 20 18:59:44 2026] [::1]:63855 [200]: GET /modules/appointments/index.php
[Mon Apr 20 18:59:44 2026] [::1]:63855 Closing
[Mon Apr 20 18:59:44 2026] [::1]:63856 Accepted
[Mon Apr 20 18:59:44 2026] [::1]:63858 Accepted
[Mon Apr 20 18:59:44 2026] [::1]:63856 [200]: GET /assets/css/style.css
[Mon Apr 20 18:59:44 2026] [::1]:63859 Accepted
[Mon Apr 20 18:59:44 2026] [::1]:63858 [200]: GET /assets/js/confirm-modal.js
[Mon Apr 20 18:59:44 2026] [::1]:63856 Closing
[Mon Apr 20 18:59:44 2026] [::1]:63859 [200]: GET /assets/js/main.js
[Mon Apr 20 18:59:44 2026] [::1]:63858 Closing
[Mon Apr 20 18:59:44 2026] [::1]:63859 Closing
[Mon Apr 20 18:59:44 2026] [::1]:63860 Accepted
[Mon Apr 20 18:59:44 2026] [::1]:63860 [200]: GET /api/staff_tasks.php?count_only=1
[Mon Apr 20 18:59:44 2026] [::1]:63860 Closing
[Mon Apr 20 18:59:44 2026] [::1]:63862 Accepted
[Mon Apr 20 18:59:44 2026] PHP Warning:  Undefined array key "frequency_type" in /Volumes/T7 Loki SS/WORK Hiếu/quan-ly-phong-kham/modules/dashboard/overview_stats.php on line 453
[Mon Apr 20 18:59:44 2026] PHP Warning:  Undefined array key "frequency_type" in /Volumes/T7 Loki SS/WORK Hiếu/quan-ly-phong-kham/modules/dashboard/overview_stats.php on line 453
[Mon Apr 20 18:59:44 2026] PHP Warning:  Undefined array key "frequency_type" in /Volumes/T7 Loki SS/WORK Hiếu/quan-ly-phong-kham/modules/dashboard/overview_stats.php on line 453
[Mon Apr 20 18:59:44 2026] PHP Warning:  Undefined array key "frequency_type" in /Volumes/T7 Loki SS/WORK Hiếu/quan-ly-phong-kham/modules/dashboard/overview_stats.php on line 453
[Mon Apr 20 18:59:44 2026] [::1]:63862 [200]: GET /favicon.ico
[Mon Apr 20 18:59:44 2026] [::1]:63862 Closing
[Mon Apr 20 18:59:45 2026] [::1]:63864 Accepted
[Mon Apr 20 18:59:45 2026] [::1]:63864 [200]: GET /modules/billing/get_catalog_api.php?patient_id=30
[Mon Apr 20 18:59:45 2026] [::1]:63864 Closing
[Mon Apr 20 18:59:53 2026] [::1]:63872 Accepted
[Mon Apr 20 18:59:53 2026] INVOICE API INPUT: Array
(
    [patient_id] => 30
    [items] => Array
        (
            [0] => Array
                (
                    [name] => Dùng 1 buổi - Gói Phương Đông Voucher
                    [qty] => 2
                    [price] => 0
                    [type] => use_package
                    [itemId] => 13
                )

        )

    [subtotal] => 0
    [discount_amount] => 0
    [discount_note] => 
    [total_amount] => 0
    [cash_amount] => 0
    [transfer_amount] => 0
    [transfer_personal_amount] => 0
    [transfer_company_amount] => 0
    [package_deduct] => 0
    [debt_amount] => 0
    [note] => 
    [treatment_id] => 
    [appointment_id] => 179
    [patient_package_id] => 
    [payment_id] => 
    [technician_id] => 1
)

[Mon Apr 20 18:59:53 2026] [::1]:63872 [200]: POST /modules/billing/create_invoice_api.php
[Mon Apr 20 18:59:53 2026] [::1]:63872 Closing
[Mon Apr 20 18:59:53 2026] [::1]:63874 Accepted
[Mon Apr 20 18:59:53 2026] [::1]:63874 [200]: GET /modules/billing/get_invoice_api.php?id=65
[Mon Apr 20 18:59:53 2026] [::1]:63874 Closing
[Mon Apr 20 19:00:05 2026] [::1]:63881 Accepted
[Mon Apr 20 19:00:05 2026] [::1]:63881 [200]: GET /modules/sales/index.php
[Mon Apr 20 19:00:05 2026] [::1]:63881 Closing
[Mon Apr 20 19:00:05 2026] [::1]:63882 Accepted
[Mon Apr 20 19:00:05 2026] [::1]:63882 [200]: GET /assets/css/style.css
[Mon Apr 20 19:00:05 2026] [::1]:63884 Accepted
[Mon Apr 20 19:00:05 2026] [::1]:63882 Closing
[Mon Apr 20 19:00:05 2026] [::1]:63885 Accepted
[Mon Apr 20 19:00:05 2026] [::1]:63884 [200]: GET /assets/js/confirm-modal.js
[Mon Apr 20 19:00:05 2026] [::1]:63885 [200]: GET /assets/js/main.js
[Mon Apr 20 19:00:05 2026] [::1]:63884 Closing
[Mon Apr 20 19:00:05 2026] [::1]:63885 Closing
[Mon Apr 20 19:00:05 2026] [::1]:63886 Accepted
[Mon Apr 20 19:00:05 2026] [::1]:63886 [200]: GET /api/staff_tasks.php?count_only=1
[Mon Apr 20 19:00:05 2026] [::1]:63886 Closing
[Mon Apr 20 19:00:05 2026] [::1]:63887 Accepted
[Mon Apr 20 19:00:05 2026] PHP Warning:  Undefined array key "frequency_type" in /Volumes/T7 Loki SS/WORK Hiếu/quan-ly-phong-kham/modules/dashboard/overview_stats.php on line 453
[Mon Apr 20 19:00:05 2026] PHP Warning:  Undefined array key "frequency_type" in /Volumes/T7 Loki SS/WORK Hiếu/quan-ly-phong-kham/modules/dashboard/overview_stats.php on line 453
[Mon Apr 20 19:00:05 2026] PHP Warning:  Undefined array key "frequency_type" in /Volumes/T7 Loki SS/WORK Hiếu/quan-ly-phong-kham/modules/dashboard/overview_stats.php on line 453
[Mon Apr 20 19:00:05 2026] PHP Warning:  Undefined array key "frequency_type" in /Volumes/T7 Loki SS/WORK Hiếu/quan-ly-phong-kham/modules/dashboard/overview_stats.php on line 453
[Mon Apr 20 19:00:05 2026] [::1]:63887 [200]: GET /favicon.ico
[Mon Apr 20 19:00:05 2026] [::1]:63887 Closing
[Mon Apr 20 19:00:10 2026] [::1]:63890 Accepted
[Mon Apr 20 19:00:10 2026] [::1]:63890 [200]: GET /modules/sales/manage_shared.php?id=13
[Mon Apr 20 19:00:10 2026] [::1]:63890 Closing
[Mon Apr 20 19:00:10 2026] [::1]:63891 Accepted
[Mon Apr 20 19:00:10 2026] [::1]:63891 [200]: GET /assets/css/style.css
[Mon Apr 20 19:00:10 2026] [::1]:63891 Closing
[Mon Apr 20 19:00:10 2026] [::1]:63893 Accepted
[Mon Apr 20 19:00:10 2026] [::1]:63894 Accepted
[Mon Apr 20 19:00:10 2026] [::1]:63893 [200]: GET /assets/js/confirm-modal.js
[Mon Apr 20 19:00:10 2026] [::1]:63894 [200]: GET /assets/js/main.js
[Mon Apr 20 19:00:10 2026] [::1]:63893 Closing
[Mon Apr 20 19:00:10 2026] [::1]:63894 Closing
[Mon Apr 20 19:00:10 2026] [::1]:63895 Accepted
[Mon Apr 20 19:00:10 2026] [::1]:63895 [200]: GET /api/staff_tasks.php?count_only=1
[Mon Apr 20 19:00:10 2026] [::1]:63895 Closing
[Mon Apr 20 19:00:10 2026] [::1]:63897 Accepted
[Mon Apr 20 19:00:10 2026] PHP Warning:  Undefined array key "frequency_type" in /Volumes/T7 Loki SS/WORK Hiếu/quan-ly-phong-kham/modules/dashboard/overview_stats.php on line 453
[Mon Apr 20 19:00:10 2026] PHP Warning:  Undefined array key "frequency_type" in /Volumes/T7 Loki SS/WORK Hiếu/quan-ly-phong-kham/modules/dashboard/overview_stats.php on line 453
[Mon Apr 20 19:00:10 2026] PHP Warning:  Undefined array key "frequency_type" in /Volumes/T7 Loki SS/WORK Hiếu/quan-ly-phong-kham/modules/dashboard/overview_stats.php on line 453
[Mon Apr 20 19:00:10 2026] PHP Warning:  Undefined array key "frequency_type" in /Volumes/T7 Loki SS/WORK Hiếu/quan-ly-phong-kham/modules/dashboard/overview_stats.php on line 453
[Mon Apr 20 19:00:10 2026] [::1]:63897 [200]: GET /favicon.ico
[Mon Apr 20 19:00:10 2026] [::1]:63897 Closing
[Mon Apr 20 19:00:12 2026] [::1]:63899 Accepted
[Mon Apr 20 19:00:12 2026] [::1]:63899 [200]: GET /modules/appointments/view.php?id=179
[Mon Apr 20 19:00:12 2026] [::1]:63899 Closing
[Mon Apr 20 19:00:12 2026] [::1]:63900 Accepted
[Mon Apr 20 19:00:12 2026] [::1]:63900 [200]: GET /assets/css/style.css
[Mon Apr 20 19:00:12 2026] [::1]:63900 Closing
[Mon Apr 20 19:00:12 2026] [::1]:63902 Accepted
[Mon Apr 20 19:00:12 2026] [::1]:63902 [200]: GET /assets/js/confirm-modal.js
[Mon Apr 20 19:00:12 2026] [::1]:63902 Closing
[Mon Apr 20 19:00:12 2026] [::1]:63903 Accepted
[Mon Apr 20 19:00:12 2026] [::1]:63903 [200]: GET /assets/js/main.js
[Mon Apr 20 19:00:12 2026] [::1]:63903 Closing
[Mon Apr 20 19:00:12 2026] [::1]:63904 Accepted
[Mon Apr 20 19:00:12 2026] [::1]:63904 [200]: GET /api/staff_tasks.php?count_only=1
[Mon Apr 20 19:00:12 2026] [::1]:63904 Closing
[Mon Apr 20 19:00:12 2026] [::1]:63906 Accepted
[Mon Apr 20 19:00:12 2026] PHP Warning:  Undefined array key "frequency_type" in /Volumes/T7 Loki SS/WORK Hiếu/quan-ly-phong-kham/modules/dashboard/overview_stats.php on line 453
[Mon Apr 20 19:00:12 2026] PHP Warning:  Undefined array key "frequency_type" in /Volumes/T7 Loki SS/WORK Hiếu/quan-ly-phong-kham/modules/dashboard/overview_stats.php on line 453
[Mon Apr 20 19:00:12 2026] PHP Warning:  Undefined array key "frequency_type" in /Volumes/T7 Loki SS/WORK Hiếu/quan-ly-phong-kham/modules/dashboard/overview_stats.php on line 453
[Mon Apr 20 19:00:12 2026] PHP Warning:  Undefined array key "frequency_type" in /Volumes/T7 Loki SS/WORK Hiếu/quan-ly-phong-kham/modules/dashboard/overview_stats.php on line 453
[Mon Apr 20 19:00:12 2026] [::1]:63906 [200]: GET /favicon.ico
[Mon Apr 20 19:00:12 2026] [::1]:63906 Closing
[Mon Apr 20 20:00:35 2026] [::1]:50579 Accepted
[Mon Apr 20 20:04:34 2026] [::1]:50579 Closed without sending a request; it was probably just an unused speculative preconnection
[Mon Apr 20 20:04:34 2026] [::1]:50579 Closing
[Sun Apr 26 20:46:02 2026] [::1]:53541 Accepted
[Sun Apr 26 20:46:02 2026] [::1]:53542 Accepted
[Sun Apr 26 20:46:02 2026] PHP Warning:  Undefined array key "frequency_type" in /Volumes/T7 Loki SS/WORK Hiếu/quan-ly-phong-kham/modules/dashboard/overview_stats.php on line 453
[Sun Apr 26 20:46:02 2026] PHP Warning:  Undefined array key "frequency_type" in /Volumes/T7 Loki SS/WORK Hiếu/quan-ly-phong-kham/modules/dashboard/overview_stats.php on line 453
[Sun Apr 26 20:46:02 2026] PHP Warning:  Undefined array key "frequency_type" in /Volumes/T7 Loki SS/WORK Hiếu/quan-ly-phong-kham/modules/dashboard/overview_stats.php on line 453
[Sun Apr 26 20:46:02 2026] PHP Warning:  Undefined array key "frequency_type" in /Volumes/T7 Loki SS/WORK Hiếu/quan-ly-phong-kham/modules/dashboard/overview_stats.php on line 453
[Sun Apr 26 20:46:02 2026] [::1]:53541 [200]: GET /
[Sun Apr 26 20:46:02 2026] [::1]:53541 Closing
[Sun Apr 26 20:46:02 2026] [::1]:53544 Accepted
[Sun Apr 26 20:46:02 2026] [::1]:53542 [200]: GET /assets/css/style.css
[Sun Apr 26 20:46:02 2026] [::1]:53545 Accepted
[Sun Apr 26 20:46:02 2026] [::1]:53544 [200]: GET /assets/js/confirm-modal.js
[Sun Apr 26 20:46:02 2026] [::1]:53545 [200]: GET /assets/js/main.js
[Sun Apr 26 20:46:02 2026] [::1]:53542 Closing
[Sun Apr 26 20:46:02 2026] [::1]:53544 Closing
[Sun Apr 26 20:46:02 2026] [::1]:53545 Closing
[Sun Apr 26 20:46:02 2026] [::1]:53546 Accepted
[Sun Apr 26 20:46:02 2026] [::1]:53546 [200]: GET /api/staff_tasks.php?count_only=1
[Sun Apr 26 20:46:02 2026] [::1]:53546 Closing
[Sun Apr 26 20:46:02 2026] [::1]:53547 Accepted
[Sun Apr 26 20:46:02 2026] PHP Warning:  Undefined array key "frequency_type" in /Volumes/T7 Loki SS/WORK Hiếu/quan-ly-phong-kham/modules/dashboard/overview_stats.php on line 453
[Sun Apr 26 20:46:02 2026] PHP Warning:  Undefined array key "frequency_type" in /Volumes/T7 Loki SS/WORK Hiếu/quan-ly-phong-kham/modules/dashboard/overview_stats.php on line 453
[Sun Apr 26 20:46:02 2026] PHP Warning:  Undefined array key "frequency_type" in /Volumes/T7 Loki SS/WORK Hiếu/quan-ly-phong-kham/modules/dashboard/overview_stats.php on line 453
[Sun Apr 26 20:46:02 2026] PHP Warning:  Undefined array key "frequency_type" in /Volumes/T7 Loki SS/WORK Hiếu/quan-ly-phong-kham/modules/dashboard/overview_stats.php on line 453
[Sun Apr 26 20:46:02 2026] [::1]:53547 [200]: GET /favicon.ico
[Sun Apr 26 20:46:02 2026] [::1]:53547 Closing
